// Jest Snapshot v1, https://goo.gl/fbAQLP

exports[`BrainTwinStack — us-west-2 (M.2.b/c scaffold) CloudFormation template matches snapshot 1`] = `
{
  "Outputs": {
    "ComputePrimaryEbsVolumeId23E7CFA6": {
      "Description": "Primary EBS volume ID. RETAIN policy - survives cdk destroy.",
      "Value": {
        "Ref": "ComputeEbsVolume07C044D41",
      },
    },
    "ComputePrimaryInstanceId5A264371": {
      "Description": "Primary EC2 instance ID. Use with \`aws ssm start-session --target <id>\` to get a shell on the box (no SSH).",
      "Value": {
        "Ref": "ComputeInstance03D945A8Cb3a8f0044becdaed",
      },
    },
    "ConfiguredCaddyImageTag": {
      "Description": "ECR Caddy tag configured via --context caddyImageTag=<tag> (deploy.sh reads .last-deploy-caddy-tag). Published to SSM /braintwin/caddy_image_tag; the EC2 reads it on boot + refresh.",
      "Value": "test-caddy-tag",
    },
    "ConfiguredImageTag": {
      "Description": "ECR app tag configured via --context imageTag=<tag> (BrainTwinCDK/scripts/deploy.sh reads .last-deploy-tag). Published to SSM /braintwin/image_tag; the EC2 reads it on boot + refresh.",
      "Value": "test-tag",
    },
    "NetworkElasticIpAddressCF8BCA7B": {
      "Description": "Static public IPv4 - set this as the A record for api.braintwin.net in Cloudflare (orange-cloud / proxied).",
      "Value": {
        "Fn::GetAtt": [
          "NetworkElasticIp736301B4",
          "PublicIp",
        ],
      },
    },
    "ObservabilityAppLogGroupName154411FD": {
      "Description": "CloudWatch log group for the FastAPI app. Tail via: aws logs tail /braintwin/app --follow --profile braintwin",
      "Value": "/braintwin/app",
    },
    "ObservabilityBotLogGroupNameD506D891": {
      "Description": "CloudWatch log group for the Telegram bot. Tail via: aws logs tail /braintwin/bot --follow --profile braintwin",
      "Value": "/braintwin/bot",
    },
    "ObservabilityCaddyLogGroupNameF79BB3AD": {
      "Description": "CloudWatch log group for the Caddy reverse proxy (M.4.b+). Tail via: aws logs tail /braintwin/caddy --follow --profile braintwin",
      "Value": "/braintwin/caddy",
    },
    "SecretsParameterNames73405963": {
      "Description": "SSM SecureString parameters the app reads at boot. Populate BEFORE first M.3 deploy using scripts/put-secrets.sh (or one \`aws ssm put-parameter --type SecureString --name <name> --value <value>\` per param).",
      "Value": "/braintwin/anthropic_key,/braintwin/bearer_token,/braintwin/telegram_token,/braintwin/cloudflare_api_token,/braintwin/allowed_telegram_user_ids",
    },
    "StorageAppRepoUri1A1C7319": {
      "Description": "ECR repo URI. From your Mac: \`aws ecr get-login-password | docker login --username AWS --password-stdin <uri>; docker push <uri>:vX.Y.Z\`. M.3 user-data templates the pull side.",
      "Value": {
        "Fn::Join": [
          "",
          [
            {
              "Fn::Select": [
                4,
                {
                  "Fn::Split": [
                    ":",
                    {
                      "Fn::GetAtt": [
                        "StorageAppRepo7969A3A5",
                        "Arn",
                      ],
                    },
                  ],
                },
              ],
            },
            ".dkr.ecr.",
            {
              "Fn::Select": [
                3,
                {
                  "Fn::Split": [
                    ":",
                    {
                      "Fn::GetAtt": [
                        "StorageAppRepo7969A3A5",
                        "Arn",
                      ],
                    },
                  ],
                },
              ],
            },
            ".",
            {
              "Ref": "AWS::URLSuffix",
            },
            "/",
            {
              "Ref": "StorageAppRepo7969A3A5",
            },
          ],
        ],
      },
    },
    "StorageCaddyRepoUriCBD368A7": {
      "Description": "ECR repo URI for the custom Caddy image. BrainTwin/scripts/build-and-push-caddy.sh pushes here.",
      "Value": {
        "Fn::Join": [
          "",
          [
            {
              "Fn::Select": [
                4,
                {
                  "Fn::Split": [
                    ":",
                    {
                      "Fn::GetAtt": [
                        "StorageCaddyRepoB0176CFB",
                        "Arn",
                      ],
                    },
                  ],
                },
              ],
            },
            ".dkr.ecr.",
            {
              "Fn::Select": [
                3,
                {
                  "Fn::Split": [
                    ":",
                    {
                      "Fn::GetAtt": [
                        "StorageCaddyRepoB0176CFB",
                        "Arn",
                      ],
                    },
                  ],
                },
              ],
            },
            ".",
            {
              "Ref": "AWS::URLSuffix",
            },
            "/",
            {
              "Ref": "StorageCaddyRepoB0176CFB",
            },
          ],
        ],
      },
    },
    "StorageStateBucketNameB4CCE033": {
      "Description": "S3 bucket for Litestream WAL, Chroma nightly snapshots, and captured images. RETAIN - survives cdk destroy.",
      "Value": {
        "Ref": "StorageStateBucket934B7EF1",
      },
    },
  },
  "Parameters": {
    "BootstrapVersion": {
      "Default": "/cdk-bootstrap/hnb659fds/version",
      "Description": "Version of the CDK Bootstrap resources in this environment, automatically retrieved from SSM Parameter Store. [cdk:skip]",
      "Type": "AWS::SSM::Parameter::Value<String>",
    },
    "SsmParameterValueawsservicecanonicalubuntuserver2204stablecurrentarm64hvmebsgp2amiidC96584B6F00A464EAD1953AFF4B05118Parameter": {
      "Default": "/aws/service/canonical/ubuntu/server/22.04/stable/current/arm64/hvm/ebs-gp2/ami-id",
      "Type": "AWS::SSM::Parameter::Value<AWS::EC2::Image::Id>",
    },
  },
  "Resources": {
    "ComputeCaddyImageTagParam02F625DC": {
      "Properties": {
        "Description": "ECR Caddy image tag the EC2 runs. Updated by scripts/deploy.sh; read at boot and on each SSM-triggered refresh.",
        "Name": "/braintwin/caddy_image_tag",
        "Tags": {
          "ManagedBy": "BrainTwinCDK",
          "Phase": "4.0.6",
          "Project": "BrainTwin",
          "Region": "us-west-2",
        },
        "Type": "String",
        "Value": "test-caddy-tag",
      },
      "Type": "AWS::SSM::Parameter",
    },
    "ComputeEbsAttachment09427EA70": {
      "Properties": {
        "Device": "/dev/sdf",
        "InstanceId": {
          "Ref": "ComputeInstance03D945A8Cb3a8f0044becdaed",
        },
        "VolumeId": {
          "Ref": "ComputeEbsVolume07C044D41",
        },
      },
      "Type": "AWS::EC2::VolumeAttachment",
    },
    "ComputeEbsVolume07C044D41": {
      "DeletionPolicy": "Retain",
      "Properties": {
        "AvailabilityZone": "us-west-2a",
        "Encrypted": true,
        "MultiAttachEnabled": false,
        "Size": 20,
        "Tags": [
          {
            "Key": "ManagedBy",
            "Value": "BrainTwinCDK",
          },
          {
            "Key": "Name",
            "Value": "BrainTwin-EBS-0",
          },
          {
            "Key": "Phase",
            "Value": "4.0.6",
          },
          {
            "Key": "Project",
            "Value": "BrainTwin",
          },
          {
            "Key": "Region",
            "Value": "us-west-2",
          },
        ],
        "VolumeType": "gp3",
      },
      "Type": "AWS::EC2::Volume",
      "UpdateReplacePolicy": "Retain",
    },
    "ComputeEipAssociation23D14D81": {
      "Properties": {
        "AllocationId": {
          "Fn::GetAtt": [
            "NetworkElasticIp736301B4",
            "AllocationId",
          ],
        },
        "InstanceId": {
          "Ref": "ComputeInstance03D945A8Cb3a8f0044becdaed",
        },
      },
      "Type": "AWS::EC2::EIPAssociation",
    },
    "ComputeImageTagParam76ECD74D": {
      "Properties": {
        "Description": "ECR app image tag the EC2 runs. Updated by scripts/deploy.sh; read at boot and on each SSM-triggered refresh.",
        "Name": "/braintwin/image_tag",
        "Tags": {
          "ManagedBy": "BrainTwinCDK",
          "Phase": "4.0.6",
          "Project": "BrainTwin",
          "Region": "us-west-2",
        },
        "Type": "String",
        "Value": "test-tag",
      },
      "Type": "AWS::SSM::Parameter",
    },
    "ComputeInstance03D945A8Cb3a8f0044becdaed": {
      "DependsOn": [
        "ComputeCaddyImageTagParam02F625DC",
        "ComputeImageTagParam76ECD74D",
        "ComputeInstanceRoleDefaultPolicyBD7127B5",
        "ComputeInstanceRoleC860B428",
      ],
      "Properties": {
        "AvailabilityZone": "us-west-2a",
        "BlockDeviceMappings": [
          {
            "DeviceName": "/dev/sda1",
            "Ebs": {
              "DeleteOnTermination": true,
              "Encrypted": true,
              "VolumeSize": 10,
              "VolumeType": "gp3",
            },
          },
        ],
        "IamInstanceProfile": {
          "Ref": "ComputeInstance0InstanceProfileEC28C8A2",
        },
        "ImageId": {
          "Ref": "SsmParameterValueawsservicecanonicalubuntuserver2204stablecurrentarm64hvmebsgp2amiidC96584B6F00A464EAD1953AFF4B05118Parameter",
        },
        "InstanceType": "t4g.small",
        "LaunchTemplate": {
          "LaunchTemplateName": "Instance0LaunchTemplate",
          "Version": {
            "Fn::GetAtt": [
              "ComputeInstance0LaunchTemplateD30E2DD1",
              "LatestVersionNumber",
            ],
          },
        },
        "SecurityGroupIds": [
          {
            "Fn::GetAtt": [
              "NetworkSecurityGroup6335DB55",
              "GroupId",
            ],
          },
        ],
        "SubnetId": {
          "Ref": "NetworkVpcBrainTwinPublicSubnet1SubnetCBC0100A",
        },
        "Tags": [
          {
            "Key": "ManagedBy",
            "Value": "BrainTwinCDK",
          },
          {
            "Key": "Name",
            "Value": "BrainTwin-EC2-0",
          },
          {
            "Key": "Phase",
            "Value": "4.0.6",
          },
          {
            "Key": "Project",
            "Value": "BrainTwin",
          },
          {
            "Key": "Region",
            "Value": "us-west-2",
          },
        ],
        "UserData": {
          "Fn::Base64": {
            "Fn::Join": [
              "",
              [
                "#!/bin/bash
set -euxo pipefail
exec > >(tee -a /var/log/braintwin-userdata.log | logger -t braintwin-userdata) 2>&1
echo '== braintwin user-data starting =='
export DEBIAN_FRONTEND=noninteractive
apt-get update -y
apt-get install -y --no-install-recommends \\
  ca-certificates curl gnupg lsb-release jq awscli e2fsprogs
install -m 0755 -d /etc/apt/keyrings
curl -fsSL https://download.docker.com/linux/ubuntu/gpg | gpg --dearmor --yes -o /etc/apt/keyrings/docker.gpg
echo "deb [arch=arm64 signed-by=/etc/apt/keyrings/docker.gpg] https://download.docker.com/linux/ubuntu $(lsb_release -cs) stable" > /etc/apt/sources.list.d/docker.list
apt-get update -y
apt-get install -y --no-install-recommends \\
  docker-ce docker-ce-cli containerd.io docker-buildx-plugin docker-compose-plugin
systemctl enable --now docker
id -u braintwin >/dev/null 2>&1 || useradd --uid 10001 --no-create-home --shell /usr/sbin/nologin braintwin
EBS_SIZE_GIB=20
for i in $(seq 1 60); do
  EBS_DEV=$(lsblk -dpno NAME,SIZE,TYPE | awk -v sz="\${EBS_SIZE_GIB}G" '$2==sz && $3=="disk" {print $1; exit}')
  [ -n "$EBS_DEV" ] && break
  echo "Waiting for \${EBS_SIZE_GIB}G EBS volume to appear (attempt $i)…"
  sleep 2
done
if [ -z "$EBS_DEV" ]; then echo "EBS volume never appeared; aborting"; exit 1; fi
echo "EBS volume is $EBS_DEV"
if ! blkid "$EBS_DEV" >/dev/null 2>&1; then
  echo "Fresh volume — formatting ext4 with label braintwin-data"
  mkfs.ext4 -L braintwin-data "$EBS_DEV"
else
  echo "Existing filesystem on $EBS_DEV — skipping mkfs"
fi
mkdir -p /var/lib/braintwin/data
grep -q "^LABEL=braintwin-data " /etc/fstab || echo "LABEL=braintwin-data /var/lib/braintwin/data ext4 defaults,noatime 0 2" >> /etc/fstab
mount -a
chown -R 10001:10001 /var/lib/braintwin/data
mkdir -p /etc/caddy
mkdir -p /var/lib/braintwin/data/caddy/data
mkdir -p /var/lib/braintwin/data/caddy/config
chown -R 0:0 /var/lib/braintwin/data/caddy
for i in $(seq 1 5); do
  curl -fsSL https://developers.cloudflare.com/ssl/static/authenticated_origin_pull_ca.pem -o /etc/caddy/cloudflare-origin-ca.pem && break
  echo "Origin Pull CA fetch failed (attempt $i); retrying in 5s…"
  sleep 5
done
if [ ! -s /etc/caddy/cloudflare-origin-ca.pem ]; then echo "Could not fetch Cloudflare Origin Pull CA; aborting"; exit 1; fi
chmod 644 /etc/caddy/cloudflare-origin-ca.pem
IMDS_TOKEN=$(curl -sX PUT "http://169.254.169.254/latest/api/token" -H "X-aws-ec2-metadata-token-ttl-seconds: 21600")
REGION=$(curl -sH "X-aws-ec2-metadata-token: $IMDS_TOKEN" http://169.254.169.254/latest/meta-data/placement/region)
ACCOUNT_ID=$(curl -sH "X-aws-ec2-metadata-token: $IMDS_TOKEN" http://169.254.169.254/latest/dynamic/instance-identity/document | jq -r .accountId)
export AWS_DEFAULT_REGION="$REGION"
echo "Resolved region=$REGION account=$ACCOUNT_ID"
mkdir -p /etc/braintwin
chmod 700 /etc/braintwin
cat > /usr/local/bin/braintwin-refresh.sh <<'BRAINTWIN_REFRESH_EOF'
#!/usr/bin/env bash
set -euo pipefail
echo '== braintwin-refresh: regenerating compose from SSM image tags =='
IMDS_TOKEN=$(curl -sX PUT "http://169.254.169.254/latest/api/token" -H "X-aws-ec2-metadata-token-ttl-seconds: 21600")
REGION=$(curl -sH "X-aws-ec2-metadata-token: $IMDS_TOKEN" http://169.254.169.254/latest/meta-data/placement/region)
ACCOUNT_ID=$(curl -sH "X-aws-ec2-metadata-token: $IMDS_TOKEN" http://169.254.169.254/latest/dynamic/instance-identity/document | jq -r .accountId)
export AWS_DEFAULT_REGION="$REGION"
IMAGE_TAG=$(aws ssm get-parameter --name /braintwin/image_tag --query Parameter.Value --output text)
CADDY_IMAGE_TAG=$(aws ssm get-parameter --name /braintwin/caddy_image_tag --query Parameter.Value --output text)
echo "Resolved image_tag=$IMAGE_TAG caddy_image_tag=$CADDY_IMAGE_TAG"
umask 077
ANTHROPIC_KEY=$(aws ssm get-parameter --name /braintwin/anthropic_key --with-decryption --query Parameter.Value --output text)
BEARER_TOKEN=$(aws ssm get-parameter --name /braintwin/bearer_token --with-decryption --query Parameter.Value --output text)
TELEGRAM_TOKEN=$(aws ssm get-parameter --name /braintwin/telegram_token --with-decryption --query Parameter.Value --output text)
CLOUDFLARE_TOKEN=$(aws ssm get-parameter --name /braintwin/cloudflare_api_token --with-decryption --query Parameter.Value --output text)
ALLOWED_TG_IDS=$(aws ssm get-parameter --name /braintwin/allowed_telegram_user_ids --with-decryption --query Parameter.Value --output text)
cat > /etc/braintwin/secrets.env <<SECRETS_ENV_EOF
ANTHROPIC_API_KEY=$ANTHROPIC_KEY
BACKEND_BEARER_TOKEN=$BEARER_TOKEN
TELEGRAM_BOT_TOKEN=$TELEGRAM_TOKEN
CLOUDFLARE_API_TOKEN=$CLOUDFLARE_TOKEN
ALLOWED_TELEGRAM_USER_IDS=$ALLOWED_TG_IDS
SECRETS_ENV_EOF
chmod 600 /etc/braintwin/secrets.env
umask 022
ECR_REPO="",
                {
                  "Ref": "StorageAppRepo7969A3A5",
                },
                ""
CADDY_REPO="",
                {
                  "Ref": "StorageCaddyRepoB0176CFB",
                },
                ""
REGISTRY="$ACCOUNT_ID.dkr.ecr.$REGION.amazonaws.com"
APP_LOG_GROUP="",
                {
                  "Ref": "ObservabilityAppLogGroupE3B481A7",
                },
                ""
BOT_LOG_GROUP="",
                {
                  "Ref": "ObservabilityBotLogGroup0E95D559",
                },
                ""
CADDY_LOG_GROUP="",
                {
                  "Ref": "ObservabilityCaddyLogGroupD9AB6A02",
                },
                ""
aws ecr get-login-password --region "$REGION" | docker login --username AWS --password-stdin "$REGISTRY"
cat > /etc/braintwin/docker-compose.yml <<COMPOSE_EOF
# Generated by BrainTwinCDK user-data on first boot. Do NOT edit by
# hand — re-deploy via BrainTwinCDK/scripts/deploy.sh instead.
services:

  app:
    image: $REGISTRY/$ECR_REPO:$IMAGE_TAG
    container_name: braintwin-app
    restart: unless-stopped
    # Hardening — same as the local compose, copied verbatim.
    security_opt:
      - no-new-privileges:true
    cap_drop:
      - ALL
    # Loopback-only host port - public traffic comes through
    # Caddy (the caddy service below) which reverse-proxies to
    # app:8000 over the Docker network. This 127.0.0.1 mapping
    # is kept purely for in-EC2 smoke testing via SSM
    # (curl http://127.0.0.1:8000/health from the shell).
    ports:
      - "127.0.0.1:8000:8000"
    env_file:
      - /etc/braintwin/secrets.env
    environment:
      SQLITE_PATH: /data/braintwin.db
      CHROMA_PATH: /data/chroma
      IMAGES_PATH: /data/images
      TELEGRAM_STATE_PATH: /data/telegram_state.json
      CAPTURE_FAILURES_PATH: /data/capture_failures.jsonl
      ENRICHMENTS_PATH: /data/enrichments.jsonl
      HYDRATIONS_PATH: /data/hydrations.jsonl
      DATABASE_URL: sqlite+aiosqlite:////data/braintwin.db
      BACKEND_HOST: 0.0.0.0
      BACKEND_PORT: "8000"
      WHISPER_MODEL_PATH: /data/models/ggml-small.en.bin
    volumes:
      # EBS data volume bind-mounted into the container at /data.
      # Mount point is owned by UID 10001 (braintwin) so the
      # container's non-root user can write.
      - /var/lib/braintwin/data:/data
    logging:
      # awslogs driver ships container stdout straight to
      # CloudWatch. Permission comes from the instance role
      # via observability.grantLogWrite (braintwin-stack.ts).
      driver: awslogs
      options:
        awslogs-region: $REGION
        awslogs-group: $APP_LOG_GROUP
        awslogs-stream: app
    healthcheck:
      test: ["CMD", "curl", "-fsS", "http://localhost:8000/health"]
      interval: 30s
      timeout: 5s
      start_period: 60s
      retries: 3

  bot:
    image: $REGISTRY/$ECR_REPO:$IMAGE_TAG
    container_name: braintwin-bot
    restart: unless-stopped
    security_opt:
      - no-new-privileges:true
    cap_drop:
      - ALL
    env_file:
      - /etc/braintwin/secrets.env
    environment:
      BACKEND_CAPTURE_URL: http://app:8000/capture
      SQLITE_PATH: /data/braintwin.db
      CHROMA_PATH: /data/chroma
      IMAGES_PATH: /data/images
      TELEGRAM_STATE_PATH: /data/telegram_state.json
      CAPTURE_FAILURES_PATH: /data/capture_failures.jsonl
      DATABASE_URL: sqlite+aiosqlite:////data/braintwin.db
      # ALLOWED_TELEGRAM_USER_IDS comes from secrets.env (M.7.5).
      # Rotate the allowlist via:
      #   ./scripts/put-secrets.sh   (skip-on-empty all but the 5th)
      #   ./scripts/deploy.sh        (refresh re-writes secrets.env)
    volumes:
      - /var/lib/braintwin/data:/data
    logging:
      driver: awslogs
      options:
        awslogs-region: $REGION
        awslogs-group: $BOT_LOG_GROUP
        awslogs-stream: bot
    command: ["python", "-m", "backend.telegram_bot.bot"]
    depends_on:
      app:
        condition: service_healthy

  caddy:
    # Custom Caddy with caddy-dns/cloudflare plugin compiled in
    # (BrainTwin/caddy/Dockerfile). Used for ACME DNS-01.
    image: $REGISTRY/$CADDY_REPO:$CADDY_IMAGE_TAG
    container_name: braintwin-caddy
    restart: unless-stopped
    # Hardening - same as app/bot. The cap_add line is the one
    # exception: NET_BIND_SERVICE lets a non-root process bind
    # to :80 and :443. Without it the container can't open the
    # privileged ports even though it's root inside.
    security_opt:
      - no-new-privileges:true
    cap_drop:
      - ALL
    cap_add:
      - NET_BIND_SERVICE
    ports:
      # Public HTTPS. Cloudflare proxy is the only IP set the SG
      # admits, so the actual exposure is Cloudflare-egress-only.
      - "443:443"
      # Plain HTTP. Caddy redirects -> HTTPS automatically. With
      # Cloudflare proxy + Always Use HTTPS on, public clients
      # never reach :80, but Caddy needs it for the ACME HTTP
      # challenge fallback if DNS-01 ever errors mid-renewal.
      - "80:80"
    env_file:
      # CLOUDFLARE_API_TOKEN is read here for the ACME DNS-01
      # plugin; the Caddyfile references it as
      # {env.CLOUDFLARE_API_TOKEN}.
      - /etc/braintwin/secrets.env
    volumes:
      - /etc/braintwin/Caddyfile:/etc/caddy/Caddyfile:ro
      - /etc/caddy/cloudflare-origin-ca.pem:/etc/caddy/cloudflare-origin-ca.pem:ro
      # Cert + ACME account state on EBS so it survives container
      # restarts and instance replacements. Without persistence
      # Caddy re-issues a cert on every restart and burns the LE
      # rate limit (5 / 7 days / domain).
      - /var/lib/braintwin/data/caddy/data:/data
      - /var/lib/braintwin/data/caddy/config:/config
    logging:
      driver: awslogs
      options:
        awslogs-region: $REGION
        awslogs-group: $CADDY_LOG_GROUP
        awslogs-stream: caddy
    depends_on:
      app:
        condition: service_healthy
COMPOSE_EOF

cd /etc/braintwin
docker compose pull
docker compose up -d
docker compose ps
echo '== braintwin-refresh: done =='
BRAINTWIN_REFRESH_EOF
chmod 0755 /usr/local/bin/braintwin-refresh.sh
cat > /etc/braintwin/Caddyfile <<'CADDYFILE_EOF'
# Generated by BrainTwinCDK user-data on first boot. Do NOT edit by
# hand - re-deploy via BrainTwinCDK/scripts/deploy.sh instead.

{
	email ops@example.invalid
	# ACME DNS-01 via Cloudflare API. The token is read from the
	# env (env_file in docker-compose).
	acme_dns cloudflare {env.CLOUDFLARE_API_TOKEN}
}

api.braintwin.net {
	# Reverse proxy to the FastAPI app via the Docker network -
	# 'app' resolves to the app container's bridge IP. We pass the
	# original client IP via X-Forwarded-For (CF-Connecting-IP
	# would also work but this header is the FastAPI middleware's
	# default).
	reverse_proxy app:8000

	# Authenticated Origin Pulls. mode require_and_verify means
	# any client without a valid certificate chained to the
	# Cloudflare Origin Pull CA gets refused at TLS handshake. The
	# SG already restricts source IPs to Cloudflare egress, but
	# AOP is the cryptographic proof - someone running a server
	# inside Cloudflare's network can't impersonate our zone's
	# origin without that cert.
	tls {
		client_auth {
			mode require_and_verify
			trust_pool file /etc/caddy/cloudflare-origin-ca.pem
		}
	}

	# HSTS. .net doesn't get HSTS preload like .app/.dev do, so we
	# add it explicitly. 2-year max-age, includeSubDomains, preload
	# (the latter just signals intent; actual preload requires
	# submission to https://hstspreload.org).
	header Strict-Transport-Security "max-age=63072000; includeSubDomains; preload"
}
CADDYFILE_EOF
/usr/local/bin/braintwin-refresh.sh
echo '== braintwin user-data complete =='",
              ],
            ],
          },
        },
      },
      "Type": "AWS::EC2::Instance",
    },
    "ComputeInstance0InstanceProfileEC28C8A2": {
      "DependsOn": [
        "ComputeCaddyImageTagParam02F625DC",
        "ComputeImageTagParam76ECD74D",
      ],
      "Properties": {
        "Roles": [
          {
            "Ref": "ComputeInstanceRoleC860B428",
          },
        ],
      },
      "Type": "AWS::IAM::InstanceProfile",
    },
    "ComputeInstance0LaunchTemplateD30E2DD1": {
      "DependsOn": [
        "ComputeCaddyImageTagParam02F625DC",
        "ComputeImageTagParam76ECD74D",
      ],
      "Properties": {
        "LaunchTemplateData": {
          "MetadataOptions": {
            "HttpTokens": "required",
          },
        },
        "LaunchTemplateName": "Instance0LaunchTemplate",
      },
      "Type": "AWS::EC2::LaunchTemplate",
    },
    "ComputeInstanceRoleC860B428": {
      "Properties": {
        "AssumeRolePolicyDocument": {
          "Statement": [
            {
              "Action": "sts:AssumeRole",
              "Effect": "Allow",
              "Principal": {
                "Service": "ec2.amazonaws.com",
              },
            },
          ],
          "Version": "2012-10-17",
        },
        "Description": "BrainTwin EC2 role - SSM Session Manager + CloudWatch agent. ECR pull, S3 state bucket, SSM Parameter Store reads are attached by storage.ts / secrets.ts / observability.ts.",
        "ManagedPolicyArns": [
          {
            "Fn::Join": [
              "",
              [
                "arn:",
                {
                  "Ref": "AWS::Partition",
                },
                ":iam::aws:policy/AmazonSSMManagedInstanceCore",
              ],
            ],
          },
          {
            "Fn::Join": [
              "",
              [
                "arn:",
                {
                  "Ref": "AWS::Partition",
                },
                ":iam::aws:policy/CloudWatchAgentServerPolicy",
              ],
            ],
          },
        ],
        "RoleName": "BrainTwin-EC2-Role",
        "Tags": [
          {
            "Key": "ManagedBy",
            "Value": "BrainTwinCDK",
          },
          {
            "Key": "Phase",
            "Value": "4.0.6",
          },
          {
            "Key": "Project",
            "Value": "BrainTwin",
          },
          {
            "Key": "Region",
            "Value": "us-west-2",
          },
        ],
      },
      "Type": "AWS::IAM::Role",
    },
    "ComputeInstanceRoleDefaultPolicyBD7127B5": {
      "Properties": {
        "PolicyDocument": {
          "Statement": [
            {
              "Action": [
                "ssm:DescribeParameters",
                "ssm:GetParameters",
                "ssm:GetParameter",
                "ssm:GetParameterHistory",
              ],
              "Effect": "Allow",
              "Resource": {
                "Fn::Join": [
                  "",
                  [
                    "arn:",
                    {
                      "Ref": "AWS::Partition",
                    },
                    ":ssm:us-west-2:123456789012:parameter",
                    {
                      "Ref": "ComputeImageTagParam76ECD74D",
                    },
                  ],
                ],
              },
            },
            {
              "Action": [
                "ssm:DescribeParameters",
                "ssm:GetParameters",
                "ssm:GetParameter",
                "ssm:GetParameterHistory",
              ],
              "Effect": "Allow",
              "Resource": {
                "Fn::Join": [
                  "",
                  [
                    "arn:",
                    {
                      "Ref": "AWS::Partition",
                    },
                    ":ssm:us-west-2:123456789012:parameter",
                    {
                      "Ref": "ComputeCaddyImageTagParam02F625DC",
                    },
                  ],
                ],
              },
            },
            {
              "Action": [
                "s3:GetObject*",
                "s3:GetBucket*",
                "s3:List*",
                "s3:DeleteObject*",
                "s3:PutObject",
                "s3:PutObjectLegalHold",
                "s3:PutObjectRetention",
                "s3:PutObjectTagging",
                "s3:PutObjectVersionTagging",
                "s3:Abort*",
              ],
              "Effect": "Allow",
              "Resource": [
                {
                  "Fn::GetAtt": [
                    "StorageStateBucket934B7EF1",
                    "Arn",
                  ],
                },
                {
                  "Fn::Join": [
                    "",
                    [
                      {
                        "Fn::GetAtt": [
                          "StorageStateBucket934B7EF1",
                          "Arn",
                        ],
                      },
                      "/*",
                    ],
                  ],
                },
              ],
            },
            {
              "Action": [
                "ecr:BatchCheckLayerAvailability",
                "ecr:GetDownloadUrlForLayer",
                "ecr:BatchGetImage",
              ],
              "Effect": "Allow",
              "Resource": {
                "Fn::GetAtt": [
                  "StorageAppRepo7969A3A5",
                  "Arn",
                ],
              },
            },
            {
              "Action": "ecr:GetAuthorizationToken",
              "Effect": "Allow",
              "Resource": "*",
            },
            {
              "Action": [
                "ecr:BatchCheckLayerAvailability",
                "ecr:GetDownloadUrlForLayer",
                "ecr:BatchGetImage",
              ],
              "Effect": "Allow",
              "Resource": {
                "Fn::GetAtt": [
                  "StorageCaddyRepoB0176CFB",
                  "Arn",
                ],
              },
            },
            {
              "Action": [
                "ssm:GetParameter",
                "ssm:GetParameters",
              ],
              "Effect": "Allow",
              "Resource": [
                {
                  "Fn::Join": [
                    "",
                    [
                      "arn:",
                      {
                        "Ref": "AWS::Partition",
                      },
                      ":ssm:us-west-2:123456789012:parameter/braintwin/anthropic_key",
                    ],
                  ],
                },
                {
                  "Fn::Join": [
                    "",
                    [
                      "arn:",
                      {
                        "Ref": "AWS::Partition",
                      },
                      ":ssm:us-west-2:123456789012:parameter/braintwin/bearer_token",
                    ],
                  ],
                },
                {
                  "Fn::Join": [
                    "",
                    [
                      "arn:",
                      {
                        "Ref": "AWS::Partition",
                      },
                      ":ssm:us-west-2:123456789012:parameter/braintwin/telegram_token",
                    ],
                  ],
                },
                {
                  "Fn::Join": [
                    "",
                    [
                      "arn:",
                      {
                        "Ref": "AWS::Partition",
                      },
                      ":ssm:us-west-2:123456789012:parameter/braintwin/cloudflare_api_token",
                    ],
                  ],
                },
                {
                  "Fn::Join": [
                    "",
                    [
                      "arn:",
                      {
                        "Ref": "AWS::Partition",
                      },
                      ":ssm:us-west-2:123456789012:parameter/braintwin/allowed_telegram_user_ids",
                    ],
                  ],
                },
              ],
            },
            {
              "Action": "kms:Decrypt",
              "Condition": {
                "StringEquals": {
                  "kms:ViaService": "ssm.us-west-2.amazonaws.com",
                },
              },
              "Effect": "Allow",
              "Resource": {
                "Fn::Join": [
                  "",
                  [
                    "arn:",
                    {
                      "Ref": "AWS::Partition",
                    },
                    ":kms:us-west-2:123456789012:key/*",
                  ],
                ],
              },
            },
            {
              "Action": [
                "logs:CreateLogStream",
                "logs:PutLogEvents",
              ],
              "Effect": "Allow",
              "Resource": {
                "Fn::GetAtt": [
                  "ObservabilityAppLogGroupE3B481A7",
                  "Arn",
                ],
              },
            },
            {
              "Action": [
                "logs:CreateLogStream",
                "logs:PutLogEvents",
              ],
              "Effect": "Allow",
              "Resource": {
                "Fn::GetAtt": [
                  "ObservabilityBotLogGroup0E95D559",
                  "Arn",
                ],
              },
            },
            {
              "Action": [
                "logs:CreateLogStream",
                "logs:PutLogEvents",
              ],
              "Effect": "Allow",
              "Resource": {
                "Fn::GetAtt": [
                  "ObservabilityCaddyLogGroupD9AB6A02",
                  "Arn",
                ],
              },
            },
          ],
          "Version": "2012-10-17",
        },
        "PolicyName": "ComputeInstanceRoleDefaultPolicyBD7127B5",
        "Roles": [
          {
            "Ref": "ComputeInstanceRoleC860B428",
          },
        ],
      },
      "Type": "AWS::IAM::Policy",
    },
    "CustomVpcRestrictDefaultSGCustomResourceProviderHandlerDC833E5E": {
      "DependsOn": [
        "CustomVpcRestrictDefaultSGCustomResourceProviderRole26592FE0",
      ],
      "Properties": {
        "Code": {
          "S3Bucket": "cdk-hnb659fds-assets-123456789012-us-west-2",
          "S3Key": "7fa1e366ee8a9ded01fc355f704cff92bfd179574e6f9cfee800a3541df1b200.zip",
        },
        "Description": "Lambda function for removing all inbound/outbound rules from the VPC default security group",
        "Handler": "__entrypoint__.handler",
        "MemorySize": 128,
        "Role": {
          "Fn::GetAtt": [
            "CustomVpcRestrictDefaultSGCustomResourceProviderRole26592FE0",
            "Arn",
          ],
        },
        "Runtime": "nodejs22.x",
        "Timeout": 900,
      },
      "Type": "AWS::Lambda::Function",
    },
    "CustomVpcRestrictDefaultSGCustomResourceProviderRole26592FE0": {
      "Properties": {
        "AssumeRolePolicyDocument": {
          "Statement": [
            {
              "Action": "sts:AssumeRole",
              "Effect": "Allow",
              "Principal": {
                "Service": "lambda.amazonaws.com",
              },
            },
          ],
          "Version": "2012-10-17",
        },
        "ManagedPolicyArns": [
          {
            "Fn::Sub": "arn:\${AWS::Partition}:iam::aws:policy/service-role/AWSLambdaBasicExecutionRole",
          },
        ],
        "Policies": [
          {
            "PolicyDocument": {
              "Statement": [
                {
                  "Action": [
                    "ec2:AuthorizeSecurityGroupIngress",
                    "ec2:AuthorizeSecurityGroupEgress",
                    "ec2:RevokeSecurityGroupIngress",
                    "ec2:RevokeSecurityGroupEgress",
                  ],
                  "Effect": "Allow",
                  "Resource": [
                    {
                      "Fn::Join": [
                        "",
                        [
                          "arn:",
                          {
                            "Ref": "AWS::Partition",
                          },
                          ":ec2:us-west-2:123456789012:security-group/",
                          {
                            "Fn::GetAtt": [
                              "NetworkVpc7FB7348F",
                              "DefaultSecurityGroup",
                            ],
                          },
                        ],
                      ],
                    },
                  ],
                },
              ],
              "Version": "2012-10-17",
            },
            "PolicyName": "Inline",
          },
        ],
      },
      "Type": "AWS::IAM::Role",
    },
    "NetworkElasticIp736301B4": {
      "Properties": {
        "Domain": "vpc",
        "Tags": [
          {
            "Key": "ManagedBy",
            "Value": "BrainTwinCDK",
          },
          {
            "Key": "Name",
            "Value": "BrainTwin-EIP",
          },
          {
            "Key": "Phase",
            "Value": "4.0.6",
          },
          {
            "Key": "Project",
            "Value": "BrainTwin",
          },
          {
            "Key": "Region",
            "Value": "us-west-2",
          },
        ],
      },
      "Type": "AWS::EC2::EIP",
    },
    "NetworkSecurityGroup6335DB55": {
      "Properties": {
        "GroupDescription": "BrainTwin EC2 - allow :443 from Cloudflare only; no :22 (SSH disabled, SSM Session Manager only)",
        "GroupName": "BrainTwin-SG",
        "SecurityGroupEgress": [
          {
            "CidrIp": "0.0.0.0/0",
            "Description": "Allow all outbound traffic by default",
            "IpProtocol": "-1",
          },
        ],
        "SecurityGroupIngress": [
          {
            "CidrIp": "173.245.48.0/20",
            "Description": "Cloudflare 173.245.48.0/20",
            "FromPort": 443,
            "IpProtocol": "tcp",
            "ToPort": 443,
          },
          {
            "CidrIp": "103.21.244.0/22",
            "Description": "Cloudflare 103.21.244.0/22",
            "FromPort": 443,
            "IpProtocol": "tcp",
            "ToPort": 443,
          },
          {
            "CidrIp": "103.22.200.0/22",
            "Description": "Cloudflare 103.22.200.0/22",
            "FromPort": 443,
            "IpProtocol": "tcp",
            "ToPort": 443,
          },
          {
            "CidrIp": "103.31.4.0/22",
            "Description": "Cloudflare 103.31.4.0/22",
            "FromPort": 443,
            "IpProtocol": "tcp",
            "ToPort": 443,
          },
          {
            "CidrIp": "141.101.64.0/18",
            "Description": "Cloudflare 141.101.64.0/18",
            "FromPort": 443,
            "IpProtocol": "tcp",
            "ToPort": 443,
          },
          {
            "CidrIp": "108.162.192.0/18",
            "Description": "Cloudflare 108.162.192.0/18",
            "FromPort": 443,
            "IpProtocol": "tcp",
            "ToPort": 443,
          },
          {
            "CidrIp": "190.93.240.0/20",
            "Description": "Cloudflare 190.93.240.0/20",
            "FromPort": 443,
            "IpProtocol": "tcp",
            "ToPort": 443,
          },
          {
            "CidrIp": "188.114.96.0/20",
            "Description": "Cloudflare 188.114.96.0/20",
            "FromPort": 443,
            "IpProtocol": "tcp",
            "ToPort": 443,
          },
          {
            "CidrIp": "197.234.240.0/22",
            "Description": "Cloudflare 197.234.240.0/22",
            "FromPort": 443,
            "IpProtocol": "tcp",
            "ToPort": 443,
          },
          {
            "CidrIp": "198.41.128.0/17",
            "Description": "Cloudflare 198.41.128.0/17",
            "FromPort": 443,
            "IpProtocol": "tcp",
            "ToPort": 443,
          },
          {
            "CidrIp": "162.158.0.0/15",
            "Description": "Cloudflare 162.158.0.0/15",
            "FromPort": 443,
            "IpProtocol": "tcp",
            "ToPort": 443,
          },
          {
            "CidrIp": "104.16.0.0/13",
            "Description": "Cloudflare 104.16.0.0/13",
            "FromPort": 443,
            "IpProtocol": "tcp",
            "ToPort": 443,
          },
          {
            "CidrIp": "104.24.0.0/14",
            "Description": "Cloudflare 104.24.0.0/14",
            "FromPort": 443,
            "IpProtocol": "tcp",
            "ToPort": 443,
          },
          {
            "CidrIp": "172.64.0.0/13",
            "Description": "Cloudflare 172.64.0.0/13",
            "FromPort": 443,
            "IpProtocol": "tcp",
            "ToPort": 443,
          },
          {
            "CidrIp": "131.0.72.0/22",
            "Description": "Cloudflare 131.0.72.0/22",
            "FromPort": 443,
            "IpProtocol": "tcp",
            "ToPort": 443,
          },
        ],
        "Tags": [
          {
            "Key": "ManagedBy",
            "Value": "BrainTwinCDK",
          },
          {
            "Key": "Name",
            "Value": "BrainTwin-SG",
          },
          {
            "Key": "Phase",
            "Value": "4.0.6",
          },
          {
            "Key": "Project",
            "Value": "BrainTwin",
          },
          {
            "Key": "Region",
            "Value": "us-west-2",
          },
        ],
        "VpcId": {
          "Ref": "NetworkVpc7FB7348F",
        },
      },
      "Type": "AWS::EC2::SecurityGroup",
    },
    "NetworkVpc7FB7348F": {
      "Properties": {
        "CidrBlock": "10.10.0.0/16",
        "EnableDnsHostnames": true,
        "EnableDnsSupport": true,
        "InstanceTenancy": "default",
        "Tags": [
          {
            "Key": "ManagedBy",
            "Value": "BrainTwinCDK",
          },
          {
            "Key": "Name",
            "Value": "BrainTwin-Vpc",
          },
          {
            "Key": "Phase",
            "Value": "4.0.6",
          },
          {
            "Key": "Project",
            "Value": "BrainTwin",
          },
          {
            "Key": "Region",
            "Value": "us-west-2",
          },
        ],
      },
      "Type": "AWS::EC2::VPC",
    },
    "NetworkVpcBrainTwinPublicSubnet1DefaultRouteE11F335B": {
      "DependsOn": [
        "NetworkVpcVPCGW8F3799B5",
      ],
      "Properties": {
        "DestinationCidrBlock": "0.0.0.0/0",
        "GatewayId": {
          "Ref": "NetworkVpcIGW6BEA7B02",
        },
        "RouteTableId": {
          "Ref": "NetworkVpcBrainTwinPublicSubnet1RouteTable39F881E7",
        },
      },
      "Type": "AWS::EC2::Route",
    },
    "NetworkVpcBrainTwinPublicSubnet1RouteTable39F881E7": {
      "Properties": {
        "Tags": [
          {
            "Key": "ManagedBy",
            "Value": "BrainTwinCDK",
          },
          {
            "Key": "Name",
            "Value": "BrainTwin-PublicRouteTable",
          },
          {
            "Key": "Phase",
            "Value": "4.0.6",
          },
          {
            "Key": "Project",
            "Value": "BrainTwin",
          },
          {
            "Key": "Region",
            "Value": "us-west-2",
          },
        ],
        "VpcId": {
          "Ref": "NetworkVpc7FB7348F",
        },
      },
      "Type": "AWS::EC2::RouteTable",
    },
    "NetworkVpcBrainTwinPublicSubnet1RouteTableAssociation0AF9212C": {
      "Properties": {
        "RouteTableId": {
          "Ref": "NetworkVpcBrainTwinPublicSubnet1RouteTable39F881E7",
        },
        "SubnetId": {
          "Ref": "NetworkVpcBrainTwinPublicSubnet1SubnetCBC0100A",
        },
      },
      "Type": "AWS::EC2::SubnetRouteTableAssociation",
    },
    "NetworkVpcBrainTwinPublicSubnet1SubnetCBC0100A": {
      "Properties": {
        "AvailabilityZone": "us-west-2a",
        "CidrBlock": "10.10.0.0/24",
        "MapPublicIpOnLaunch": true,
        "Tags": [
          {
            "Key": "aws-cdk:subnet-name",
            "Value": "BrainTwin-Public",
          },
          {
            "Key": "aws-cdk:subnet-type",
            "Value": "Public",
          },
          {
            "Key": "ManagedBy",
            "Value": "BrainTwinCDK",
          },
          {
            "Key": "Name",
            "Value": "TestBrainTwinStack-us-west-2/Network/Vpc/BrainTwin-PublicSubnet1",
          },
          {
            "Key": "Phase",
            "Value": "4.0.6",
          },
          {
            "Key": "Project",
            "Value": "BrainTwin",
          },
          {
            "Key": "Region",
            "Value": "us-west-2",
          },
        ],
        "VpcId": {
          "Ref": "NetworkVpc7FB7348F",
        },
      },
      "Type": "AWS::EC2::Subnet",
    },
    "NetworkVpcIGW6BEA7B02": {
      "Properties": {
        "Tags": [
          {
            "Key": "ManagedBy",
            "Value": "BrainTwinCDK",
          },
          {
            "Key": "Name",
            "Value": "BrainTwin-Igw",
          },
          {
            "Key": "Phase",
            "Value": "4.0.6",
          },
          {
            "Key": "Project",
            "Value": "BrainTwin",
          },
          {
            "Key": "Region",
            "Value": "us-west-2",
          },
        ],
      },
      "Type": "AWS::EC2::InternetGateway",
    },
    "NetworkVpcRestrictDefaultSecurityGroupCustomResource491E144D": {
      "DeletionPolicy": "Delete",
      "Properties": {
        "Account": "123456789012",
        "DefaultSecurityGroupId": {
          "Fn::GetAtt": [
            "NetworkVpc7FB7348F",
            "DefaultSecurityGroup",
          ],
        },
        "ServiceToken": {
          "Fn::GetAtt": [
            "CustomVpcRestrictDefaultSGCustomResourceProviderHandlerDC833E5E",
            "Arn",
          ],
        },
      },
      "Type": "Custom::VpcRestrictDefaultSG",
      "UpdateReplacePolicy": "Delete",
    },
    "NetworkVpcVPCGW8F3799B5": {
      "Properties": {
        "InternetGatewayId": {
          "Ref": "NetworkVpcIGW6BEA7B02",
        },
        "VpcId": {
          "Ref": "NetworkVpc7FB7348F",
        },
      },
      "Type": "AWS::EC2::VPCGatewayAttachment",
    },
    "ObservabilityAppLogGroupE3B481A7": {
      "DeletionPolicy": "Retain",
      "Properties": {
        "LogGroupName": "/braintwin/app",
        "RetentionInDays": 30,
        "Tags": [
          {
            "Key": "ManagedBy",
            "Value": "BrainTwinCDK",
          },
          {
            "Key": "Phase",
            "Value": "4.0.6",
          },
          {
            "Key": "Project",
            "Value": "BrainTwin",
          },
          {
            "Key": "Region",
            "Value": "us-west-2",
          },
        ],
      },
      "Type": "AWS::Logs::LogGroup",
      "UpdateReplacePolicy": "Retain",
    },
    "ObservabilityBotLogGroup0E95D559": {
      "DeletionPolicy": "Retain",
      "Properties": {
        "LogGroupName": "/braintwin/bot",
        "RetentionInDays": 30,
        "Tags": [
          {
            "Key": "ManagedBy",
            "Value": "BrainTwinCDK",
          },
          {
            "Key": "Phase",
            "Value": "4.0.6",
          },
          {
            "Key": "Project",
            "Value": "BrainTwin",
          },
          {
            "Key": "Region",
            "Value": "us-west-2",
          },
        ],
      },
      "Type": "AWS::Logs::LogGroup",
      "UpdateReplacePolicy": "Retain",
    },
    "ObservabilityBudget004E6D7C": {
      "Properties": {
        "Budget": {
          "BudgetLimit": {
            "Amount": 25,
            "Unit": "USD",
          },
          "BudgetName": "BrainTwin-Budget",
          "BudgetType": "COST",
          "CostFilters": {
            "TagKeyValue": [
              "user:Project$BrainTwin",
            ],
          },
          "TimeUnit": "MONTHLY",
        },
        "NotificationsWithSubscribers": [
          {
            "Notification": {
              "ComparisonOperator": "GREATER_THAN",
              "NotificationType": "FORECASTED",
              "Threshold": 40,
              "ThresholdType": "PERCENTAGE",
            },
            "Subscribers": [
              {
                "Address": "braintwin-alerts-unset@example.invalid",
                "SubscriptionType": "EMAIL",
              },
            ],
          },
          {
            "Notification": {
              "ComparisonOperator": "GREATER_THAN",
              "NotificationType": "ACTUAL",
              "Threshold": 40,
              "ThresholdType": "PERCENTAGE",
            },
            "Subscribers": [
              {
                "Address": "braintwin-alerts-unset@example.invalid",
                "SubscriptionType": "EMAIL",
              },
            ],
          },
          {
            "Notification": {
              "ComparisonOperator": "GREATER_THAN",
              "NotificationType": "FORECASTED",
              "Threshold": 60,
              "ThresholdType": "PERCENTAGE",
            },
            "Subscribers": [
              {
                "Address": "braintwin-alerts-unset@example.invalid",
                "SubscriptionType": "EMAIL",
              },
            ],
          },
          {
            "Notification": {
              "ComparisonOperator": "GREATER_THAN",
              "NotificationType": "ACTUAL",
              "Threshold": 60,
              "ThresholdType": "PERCENTAGE",
            },
            "Subscribers": [
              {
                "Address": "braintwin-alerts-unset@example.invalid",
                "SubscriptionType": "EMAIL",
              },
            ],
          },
          {
            "Notification": {
              "ComparisonOperator": "GREATER_THAN",
              "NotificationType": "FORECASTED",
              "Threshold": 80,
              "ThresholdType": "PERCENTAGE",
            },
            "Subscribers": [
              {
                "Address": "braintwin-alerts-unset@example.invalid",
                "SubscriptionType": "EMAIL",
              },
            ],
          },
          {
            "Notification": {
              "ComparisonOperator": "GREATER_THAN",
              "NotificationType": "ACTUAL",
              "Threshold": 80,
              "ThresholdType": "PERCENTAGE",
            },
            "Subscribers": [
              {
                "Address": "braintwin-alerts-unset@example.invalid",
                "SubscriptionType": "EMAIL",
              },
            ],
          },
          {
            "Notification": {
              "ComparisonOperator": "GREATER_THAN",
              "NotificationType": "FORECASTED",
              "Threshold": 100,
              "ThresholdType": "PERCENTAGE",
            },
            "Subscribers": [
              {
                "Address": "braintwin-alerts-unset@example.invalid",
                "SubscriptionType": "EMAIL",
              },
            ],
          },
          {
            "Notification": {
              "ComparisonOperator": "GREATER_THAN",
              "NotificationType": "ACTUAL",
              "Threshold": 100,
              "ThresholdType": "PERCENTAGE",
            },
            "Subscribers": [
              {
                "Address": "braintwin-alerts-unset@example.invalid",
                "SubscriptionType": "EMAIL",
              },
            ],
          },
        ],
      },
      "Type": "AWS::Budgets::Budget",
    },
    "ObservabilityCaddyLogGroupD9AB6A02": {
      "DeletionPolicy": "Retain",
      "Properties": {
        "LogGroupName": "/braintwin/caddy",
        "RetentionInDays": 30,
        "Tags": [
          {
            "Key": "ManagedBy",
            "Value": "BrainTwinCDK",
          },
          {
            "Key": "Phase",
            "Value": "4.0.6",
          },
          {
            "Key": "Project",
            "Value": "BrainTwin",
          },
          {
            "Key": "Region",
            "Value": "us-west-2",
          },
        ],
      },
      "Type": "AWS::Logs::LogGroup",
      "UpdateReplacePolicy": "Retain",
    },
    "ObservabilityDlmRoleC8FECA3D": {
      "Properties": {
        "AssumeRolePolicyDocument": {
          "Statement": [
            {
              "Action": "sts:AssumeRole",
              "Effect": "Allow",
              "Principal": {
                "Service": "dlm.amazonaws.com",
              },
            },
          ],
          "Version": "2012-10-17",
        },
        "Description": "Lets DLM call EC2 to create/delete EBS snapshots.",
        "ManagedPolicyArns": [
          {
            "Fn::Join": [
              "",
              [
                "arn:",
                {
                  "Ref": "AWS::Partition",
                },
                ":iam::aws:policy/service-role/AWSDataLifecycleManagerServiceRole",
              ],
            ],
          },
        ],
        "RoleName": "BrainTwin-DLM-Role",
        "Tags": [
          {
            "Key": "ManagedBy",
            "Value": "BrainTwinCDK",
          },
          {
            "Key": "Phase",
            "Value": "4.0.6",
          },
          {
            "Key": "Project",
            "Value": "BrainTwin",
          },
          {
            "Key": "Region",
            "Value": "us-west-2",
          },
        ],
      },
      "Type": "AWS::IAM::Role",
    },
    "ObservabilityEbsSnapshotPolicyC49EC1D0": {
      "Properties": {
        "Description": "BrainTwin-EBS Daily Snapshots",
        "ExecutionRoleArn": {
          "Fn::GetAtt": [
            "ObservabilityDlmRoleC8FECA3D",
            "Arn",
          ],
        },
        "PolicyDetails": {
          "PolicyType": "EBS_SNAPSHOT_MANAGEMENT",
          "ResourceTypes": [
            "VOLUME",
          ],
          "Schedules": [
            {
              "CopyTags": true,
              "CreateRule": {
                "Interval": 24,
                "IntervalUnit": "HOURS",
                "Times": [
                  "03:00",
                ],
              },
              "Name": "Daily",
              "RetainRule": {
                "Count": 7,
              },
              "TagsToAdd": [
                {
                  "Key": "Name",
                  "Value": "BrainTwin-EBS-Snapshot",
                },
                {
                  "Key": "Source",
                  "Value": "DLM",
                },
              ],
            },
          ],
          "TargetTags": [
            {
              "Key": "Project",
              "Value": "BrainTwin",
            },
          ],
        },
        "State": "ENABLED",
        "Tags": [
          {
            "Key": "ManagedBy",
            "Value": "BrainTwinCDK",
          },
          {
            "Key": "Phase",
            "Value": "4.0.6",
          },
          {
            "Key": "Project",
            "Value": "BrainTwin",
          },
          {
            "Key": "Region",
            "Value": "us-west-2",
          },
        ],
      },
      "Type": "AWS::DLM::LifecyclePolicy",
    },
    "StorageAppRepo7969A3A5": {
      "DeletionPolicy": "Delete",
      "Properties": {
        "EmptyOnDelete": true,
        "ImageScanningConfiguration": {
          "ScanOnPush": true,
        },
        "ImageTagMutability": "IMMUTABLE",
        "LifecyclePolicy": {
          "LifecyclePolicyText": "{"rules":[{"rulePriority":1,"description":"Keep last 5 untagged images (orphan manifests)","selection":{"tagStatus":"untagged","countType":"imageCountMoreThan","countNumber":5},"action":{"type":"expire"}},{"rulePriority":2,"description":"Keep last 30 tagged images (~3 months at weekly cadence)","selection":{"tagStatus":"any","countType":"imageCountMoreThan","countNumber":30},"action":{"type":"expire"}}]}",
        },
        "RepositoryName": "braintwin/app",
        "Tags": [
          {
            "Key": "ManagedBy",
            "Value": "BrainTwinCDK",
          },
          {
            "Key": "Phase",
            "Value": "4.0.6",
          },
          {
            "Key": "Project",
            "Value": "BrainTwin",
          },
          {
            "Key": "Region",
            "Value": "us-west-2",
          },
        ],
      },
      "Type": "AWS::ECR::Repository",
      "UpdateReplacePolicy": "Delete",
    },
    "StorageCaddyRepoB0176CFB": {
      "DeletionPolicy": "Delete",
      "Properties": {
        "EmptyOnDelete": true,
        "ImageScanningConfiguration": {
          "ScanOnPush": true,
        },
        "ImageTagMutability": "IMMUTABLE",
        "LifecyclePolicy": {
          "LifecyclePolicyText": "{"rules":[{"rulePriority":1,"description":"Keep last 5 untagged images (orphan manifests)","selection":{"tagStatus":"untagged","countType":"imageCountMoreThan","countNumber":5},"action":{"type":"expire"}},{"rulePriority":2,"description":"Keep last 30 tagged images","selection":{"tagStatus":"any","countType":"imageCountMoreThan","countNumber":30},"action":{"type":"expire"}}]}",
        },
        "RepositoryName": "braintwin/caddy",
        "Tags": [
          {
            "Key": "ManagedBy",
            "Value": "BrainTwinCDK",
          },
          {
            "Key": "Phase",
            "Value": "4.0.6",
          },
          {
            "Key": "Project",
            "Value": "BrainTwin",
          },
          {
            "Key": "Region",
            "Value": "us-west-2",
          },
        ],
      },
      "Type": "AWS::ECR::Repository",
      "UpdateReplacePolicy": "Delete",
    },
    "StorageStateBucket934B7EF1": {
      "DeletionPolicy": "Retain",
      "Properties": {
        "BucketEncryption": {
          "ServerSideEncryptionConfiguration": [
            {
              "ServerSideEncryptionByDefault": {
                "SSEAlgorithm": "AES256",
              },
            },
          ],
        },
        "BucketName": "braintwin-state-123456789012-us-west-2",
        "LifecycleConfiguration": {
          "Rules": [
            {
              "AbortIncompleteMultipartUpload": {
                "DaysAfterInitiation": 1,
              },
              "ExpirationInDays": 7,
              "Id": "litestream-wal-expire-7d",
              "NoncurrentVersionExpiration": {
                "NoncurrentDays": 7,
              },
              "Prefix": "litestream/",
              "Status": "Enabled",
            },
            {
              "AbortIncompleteMultipartUpload": {
                "DaysAfterInitiation": 1,
              },
              "ExpirationInDays": 30,
              "Id": "chroma-nightly-expire-30d",
              "NoncurrentVersionExpiration": {
                "NoncurrentDays": 7,
              },
              "Prefix": "chroma-nightly/",
              "Status": "Enabled",
            },
            {
              "AbortIncompleteMultipartUpload": {
                "DaysAfterInitiation": 1,
              },
              "Id": "images-transition-ia-30d",
              "NoncurrentVersionExpiration": {
                "NoncurrentDays": 30,
              },
              "Prefix": "images/",
              "Status": "Enabled",
              "Transitions": [
                {
                  "StorageClass": "STANDARD_IA",
                  "TransitionInDays": 30,
                },
              ],
            },
          ],
        },
        "PublicAccessBlockConfiguration": {
          "BlockPublicAcls": true,
          "BlockPublicPolicy": true,
          "IgnorePublicAcls": true,
          "RestrictPublicBuckets": true,
        },
        "Tags": [
          {
            "Key": "ManagedBy",
            "Value": "BrainTwinCDK",
          },
          {
            "Key": "Phase",
            "Value": "4.0.6",
          },
          {
            "Key": "Project",
            "Value": "BrainTwin",
          },
          {
            "Key": "Region",
            "Value": "us-west-2",
          },
        ],
        "VersioningConfiguration": {
          "Status": "Enabled",
        },
      },
      "Type": "AWS::S3::Bucket",
      "UpdateReplacePolicy": "Retain",
    },
    "StorageStateBucketPolicy27964DEE": {
      "Properties": {
        "Bucket": {
          "Ref": "StorageStateBucket934B7EF1",
        },
        "PolicyDocument": {
          "Statement": [
            {
              "Action": "s3:*",
              "Condition": {
                "Bool": {
                  "aws:SecureTransport": "false",
                },
              },
              "Effect": "Deny",
              "Principal": {
                "AWS": "*",
              },
              "Resource": [
                {
                  "Fn::GetAtt": [
                    "StorageStateBucket934B7EF1",
                    "Arn",
                  ],
                },
                {
                  "Fn::Join": [
                    "",
                    [
                      {
                        "Fn::GetAtt": [
                          "StorageStateBucket934B7EF1",
                          "Arn",
                        ],
                      },
                      "/*",
                    ],
                  ],
                },
              ],
            },
          ],
          "Version": "2012-10-17",
        },
      },
      "Type": "AWS::S3::BucketPolicy",
    },
  },
  "Rules": {
    "CheckBootstrapVersion": {
      "Assertions": [
        {
          "Assert": {
            "Fn::Not": [
              {
                "Fn::Contains": [
                  [
                    "1",
                    "2",
                    "3",
                    "4",
                    "5",
                  ],
                  {
                    "Ref": "BootstrapVersion",
                  },
                ],
              },
            ],
          },
          "AssertDescription": "CDK bootstrap stack version 6 required. Please run 'cdk bootstrap' with a recent version of the CDK CLI.",
        },
      ],
    },
  },
}
`;
