// Jest Snapshot v1, https://goo.gl/fbAQLP

exports[`BrainTwinStack — us-west-2 (M.2.b/c scaffold) CloudFormation template matches snapshot 1`] = `
{
  "Outputs": {
    "ComputePrimaryEbsVolumeId23E7CFA6": {
      "Description": "Primary EBS volume ID. RETAIN policy — survives cdk destroy.",
      "Value": {
        "Ref": "ComputeEbsVolume07C044D41",
      },
    },
    "ComputePrimaryInstanceId5A264371": {
      "Description": "Primary EC2 instance ID. Use with \`aws ssm start-session --target <id>\` to get a shell on the box (no SSH).",
      "Value": {
        "Ref": "ComputeInstance03D945A8C",
      },
    },
    "NetworkElasticIpAddressCF8BCA7B": {
      "Description": "Static public IPv4 — set this as the A record for api.digitaltwin.app in Cloudflare (orange-cloud / proxied).",
      "Value": {
        "Fn::GetAtt": [
          "NetworkElasticIp736301B4",
          "PublicIp",
        ],
      },
    },
    "ObservabilityAppLogGroupName154411FD": {
      "Description": "CloudWatch log group for the FastAPI app. Tail via: aws logs tail /braintwin/app --follow --profile braintwin",
      "Value": "/braintwin/app",
    },
    "ObservabilityBotLogGroupNameD506D891": {
      "Description": "CloudWatch log group for the Telegram bot. Tail via: aws logs tail /braintwin/bot --follow --profile braintwin",
      "Value": "/braintwin/bot",
    },
    "SecretsParameterNames73405963": {
      "Description": "SSM SecureString parameters the app reads at boot. Populate BEFORE first M.3 deploy using scripts/put-secrets.sh (or one \`aws ssm put-parameter --type SecureString --name <name> --value <value>\` per param).",
      "Value": "/braintwin/anthropic_key,/braintwin/bearer_token,/braintwin/telegram_token,/braintwin/cloudflare_api_token",
    },
    "StorageAppRepoUri1A1C7319": {
      "Description": "ECR repo URI. From your Mac: \`aws ecr get-login-password | docker login --username AWS --password-stdin <uri>; docker push <uri>:vX.Y.Z\`. M.3 user-data templates the pull side.",
      "Value": {
        "Fn::Join": [
          "",
          [
            {
              "Fn::Select": [
                4,
                {
                  "Fn::Split": [
                    ":",
                    {
                      "Fn::GetAtt": [
                        "StorageAppRepo7969A3A5",
                        "Arn",
                      ],
                    },
                  ],
                },
              ],
            },
            ".dkr.ecr.",
            {
              "Fn::Select": [
                3,
                {
                  "Fn::Split": [
                    ":",
                    {
                      "Fn::GetAtt": [
                        "StorageAppRepo7969A3A5",
                        "Arn",
                      ],
                    },
                  ],
                },
              ],
            },
            ".",
            {
              "Ref": "AWS::URLSuffix",
            },
            "/",
            {
              "Ref": "StorageAppRepo7969A3A5",
            },
          ],
        ],
      },
    },
    "StorageStateBucketNameB4CCE033": {
      "Description": "S3 bucket for Litestream WAL, Chroma nightly snapshots, and captured images. RETAIN — survives cdk destroy.",
      "Value": {
        "Ref": "StorageStateBucket934B7EF1",
      },
    },
  },
  "Parameters": {
    "BootstrapVersion": {
      "Default": "/cdk-bootstrap/hnb659fds/version",
      "Description": "Version of the CDK Bootstrap resources in this environment, automatically retrieved from SSM Parameter Store. [cdk:skip]",
      "Type": "AWS::SSM::Parameter::Value<String>",
    },
    "SsmParameterValueawsservicecanonicalubuntuserver2204stablecurrentarm64hvmebsgp2amiidC96584B6F00A464EAD1953AFF4B05118Parameter": {
      "Default": "/aws/service/canonical/ubuntu/server/22.04/stable/current/arm64/hvm/ebs-gp2/ami-id",
      "Type": "AWS::SSM::Parameter::Value<AWS::EC2::Image::Id>",
    },
  },
  "Resources": {
    "ComputeEbsAttachment09427EA70": {
      "Properties": {
        "Device": "/dev/sdf",
        "InstanceId": {
          "Ref": "ComputeInstance03D945A8C",
        },
        "VolumeId": {
          "Ref": "ComputeEbsVolume07C044D41",
        },
      },
      "Type": "AWS::EC2::VolumeAttachment",
    },
    "ComputeEbsVolume07C044D41": {
      "DeletionPolicy": "Retain",
      "Properties": {
        "AvailabilityZone": "us-west-2a",
        "Encrypted": true,
        "MultiAttachEnabled": false,
        "Size": 20,
        "Tags": [
          {
            "Key": "ManagedBy",
            "Value": "BrainTwinCDK",
          },
          {
            "Key": "Name",
            "Value": "BrainTwin-EBS-0",
          },
          {
            "Key": "Phase",
            "Value": "4.0.6",
          },
          {
            "Key": "Project",
            "Value": "BrainTwin",
          },
          {
            "Key": "PublicBrand",
            "Value": "DigitalTwin",
          },
          {
            "Key": "Region",
            "Value": "us-west-2",
          },
        ],
        "VolumeType": "gp3",
      },
      "Type": "AWS::EC2::Volume",
      "UpdateReplacePolicy": "Retain",
    },
    "ComputeEipAssociation23D14D81": {
      "Properties": {
        "AllocationId": {
          "Fn::GetAtt": [
            "NetworkElasticIp736301B4",
            "AllocationId",
          ],
        },
        "InstanceId": {
          "Ref": "ComputeInstance03D945A8C",
        },
      },
      "Type": "AWS::EC2::EIPAssociation",
    },
    "ComputeInstance03D945A8C": {
      "DependsOn": [
        "ComputeInstanceRoleDefaultPolicyBD7127B5",
        "ComputeInstanceRoleC860B428",
      ],
      "Properties": {
        "AvailabilityZone": "us-west-2a",
        "BlockDeviceMappings": [
          {
            "DeviceName": "/dev/sda1",
            "Ebs": {
              "DeleteOnTermination": true,
              "Encrypted": true,
              "VolumeSize": 10,
              "VolumeType": "gp3",
            },
          },
        ],
        "IamInstanceProfile": {
          "Ref": "ComputeInstance0InstanceProfileEC28C8A2",
        },
        "ImageId": {
          "Ref": "SsmParameterValueawsservicecanonicalubuntuserver2204stablecurrentarm64hvmebsgp2amiidC96584B6F00A464EAD1953AFF4B05118Parameter",
        },
        "InstanceType": "t4g.small",
        "LaunchTemplate": {
          "LaunchTemplateName": "Instance0LaunchTemplate",
          "Version": {
            "Fn::GetAtt": [
              "ComputeInstance0LaunchTemplateD30E2DD1",
              "LatestVersionNumber",
            ],
          },
        },
        "SecurityGroupIds": [
          {
            "Fn::GetAtt": [
              "NetworkSecurityGroup6335DB55",
              "GroupId",
            ],
          },
        ],
        "SubnetId": {
          "Ref": "NetworkVpcBrainTwinPublicSubnet1SubnetCBC0100A",
        },
        "Tags": [
          {
            "Key": "ManagedBy",
            "Value": "BrainTwinCDK",
          },
          {
            "Key": "Name",
            "Value": "BrainTwin-EC2-0",
          },
          {
            "Key": "Phase",
            "Value": "4.0.6",
          },
          {
            "Key": "Project",
            "Value": "BrainTwin",
          },
          {
            "Key": "PublicBrand",
            "Value": "DigitalTwin",
          },
          {
            "Key": "Region",
            "Value": "us-west-2",
          },
        ],
        "UserData": {
          "Fn::Base64": "#!/bin/bash
set -euxo pipefail
exec > >(tee -a /var/log/braintwin-userdata.log | logger -t braintwin-userdata) 2>&1
echo '== braintwin user-data starting =='
export DEBIAN_FRONTEND=noninteractive
apt-get update -y
apt-get install -y --no-install-recommends \\
  ca-certificates curl gnupg lsb-release jq awscli e2fsprogs
install -m 0755 -d /etc/apt/keyrings
curl -fsSL https://download.docker.com/linux/ubuntu/gpg | gpg --dearmor -o /etc/apt/keyrings/docker.gpg
echo "deb [arch=arm64 signed-by=/etc/apt/keyrings/docker.gpg] https://download.docker.com/linux/ubuntu $(lsb_release -cs) stable" > /etc/apt/sources.list.d/docker.list
apt-get update -y
apt-get install -y --no-install-recommends \\
  docker-ce docker-ce-cli containerd.io docker-buildx-plugin docker-compose-plugin
systemctl enable --now docker
id -u braintwin >/dev/null 2>&1 || useradd --uid 10001 --no-create-home --shell /usr/sbin/nologin braintwin
EBS_SIZE_GIB=20
for i in $(seq 1 60); do
  EBS_DEV=$(lsblk -dpno NAME,SIZE,TYPE | awk -v sz="\${EBS_SIZE_GIB}G" '$2==sz && $3=="disk" {print $1; exit}')
  [ -n "$EBS_DEV" ] && break
  echo "Waiting for \${EBS_SIZE_GIB}G EBS volume to appear (attempt $i)…"
  sleep 2
done
if [ -z "$EBS_DEV" ]; then echo "EBS volume never appeared; aborting"; exit 1; fi
echo "EBS volume is $EBS_DEV"
if ! blkid "$EBS_DEV" >/dev/null 2>&1; then
  echo "Fresh volume — formatting ext4 with label braintwin-data"
  mkfs.ext4 -L braintwin-data "$EBS_DEV"
else
  echo "Existing filesystem on $EBS_DEV — skipping mkfs"
fi
mkdir -p /var/lib/braintwin/data
grep -q "^LABEL=braintwin-data " /etc/fstab || echo "LABEL=braintwin-data /var/lib/braintwin/data ext4 defaults,noatime 0 2" >> /etc/fstab
mount -a
chown -R 10001:10001 /var/lib/braintwin/data
mkdir -p /etc/caddy
echo '== braintwin user-data complete =='
echo '== awaiting M.2.f (ECR + S3) and M.3 (docker compose up) ==' ",
        },
      },
      "Type": "AWS::EC2::Instance",
    },
    "ComputeInstance0InstanceProfileEC28C8A2": {
      "Properties": {
        "Roles": [
          {
            "Ref": "ComputeInstanceRoleC860B428",
          },
        ],
      },
      "Type": "AWS::IAM::InstanceProfile",
    },
    "ComputeInstance0LaunchTemplateD30E2DD1": {
      "Properties": {
        "LaunchTemplateData": {
          "MetadataOptions": {
            "HttpTokens": "required",
          },
        },
        "LaunchTemplateName": "Instance0LaunchTemplate",
      },
      "Type": "AWS::EC2::LaunchTemplate",
    },
    "ComputeInstanceRoleC860B428": {
      "Properties": {
        "AssumeRolePolicyDocument": {
          "Statement": [
            {
              "Action": "sts:AssumeRole",
              "Effect": "Allow",
              "Principal": {
                "Service": "ec2.amazonaws.com",
              },
            },
          ],
          "Version": "2012-10-17",
        },
        "Description": "BrainTwin EC2 role — SSM Session Manager + CloudWatch agent. ECR pull, S3 state bucket, SSM Parameter Store reads are attached by storage.ts / secrets.ts / observability.ts.",
        "ManagedPolicyArns": [
          {
            "Fn::Join": [
              "",
              [
                "arn:",
                {
                  "Ref": "AWS::Partition",
                },
                ":iam::aws:policy/AmazonSSMManagedInstanceCore",
              ],
            ],
          },
          {
            "Fn::Join": [
              "",
              [
                "arn:",
                {
                  "Ref": "AWS::Partition",
                },
                ":iam::aws:policy/CloudWatchAgentServerPolicy",
              ],
            ],
          },
        ],
        "RoleName": "BrainTwin-EC2-Role",
        "Tags": [
          {
            "Key": "ManagedBy",
            "Value": "BrainTwinCDK",
          },
          {
            "Key": "Phase",
            "Value": "4.0.6",
          },
          {
            "Key": "Project",
            "Value": "BrainTwin",
          },
          {
            "Key": "PublicBrand",
            "Value": "DigitalTwin",
          },
          {
            "Key": "Region",
            "Value": "us-west-2",
          },
        ],
      },
      "Type": "AWS::IAM::Role",
    },
    "ComputeInstanceRoleDefaultPolicyBD7127B5": {
      "Properties": {
        "PolicyDocument": {
          "Statement": [
            {
              "Action": [
                "s3:GetObject*",
                "s3:GetBucket*",
                "s3:List*",
                "s3:DeleteObject*",
                "s3:PutObject",
                "s3:PutObjectLegalHold",
                "s3:PutObjectRetention",
                "s3:PutObjectTagging",
                "s3:PutObjectVersionTagging",
                "s3:Abort*",
              ],
              "Effect": "Allow",
              "Resource": [
                {
                  "Fn::GetAtt": [
                    "StorageStateBucket934B7EF1",
                    "Arn",
                  ],
                },
                {
                  "Fn::Join": [
                    "",
                    [
                      {
                        "Fn::GetAtt": [
                          "StorageStateBucket934B7EF1",
                          "Arn",
                        ],
                      },
                      "/*",
                    ],
                  ],
                },
              ],
            },
            {
              "Action": [
                "ecr:BatchCheckLayerAvailability",
                "ecr:GetDownloadUrlForLayer",
                "ecr:BatchGetImage",
              ],
              "Effect": "Allow",
              "Resource": {
                "Fn::GetAtt": [
                  "StorageAppRepo7969A3A5",
                  "Arn",
                ],
              },
            },
            {
              "Action": "ecr:GetAuthorizationToken",
              "Effect": "Allow",
              "Resource": "*",
            },
            {
              "Action": [
                "ssm:GetParameter",
                "ssm:GetParameters",
              ],
              "Effect": "Allow",
              "Resource": [
                {
                  "Fn::Join": [
                    "",
                    [
                      "arn:",
                      {
                        "Ref": "AWS::Partition",
                      },
                      ":ssm:us-west-2:123456789012:parameter/braintwin/anthropic_key",
                    ],
                  ],
                },
                {
                  "Fn::Join": [
                    "",
                    [
                      "arn:",
                      {
                        "Ref": "AWS::Partition",
                      },
                      ":ssm:us-west-2:123456789012:parameter/braintwin/bearer_token",
                    ],
                  ],
                },
                {
                  "Fn::Join": [
                    "",
                    [
                      "arn:",
                      {
                        "Ref": "AWS::Partition",
                      },
                      ":ssm:us-west-2:123456789012:parameter/braintwin/telegram_token",
                    ],
                  ],
                },
                {
                  "Fn::Join": [
                    "",
                    [
                      "arn:",
                      {
                        "Ref": "AWS::Partition",
                      },
                      ":ssm:us-west-2:123456789012:parameter/braintwin/cloudflare_api_token",
                    ],
                  ],
                },
              ],
            },
            {
              "Action": "kms:Decrypt",
              "Condition": {
                "StringEquals": {
                  "kms:ViaService": "ssm.us-west-2.amazonaws.com",
                },
              },
              "Effect": "Allow",
              "Resource": {
                "Fn::Join": [
                  "",
                  [
                    "arn:",
                    {
                      "Ref": "AWS::Partition",
                    },
                    ":kms:us-west-2:123456789012:key/*",
                  ],
                ],
              },
            },
            {
              "Action": [
                "logs:CreateLogStream",
                "logs:PutLogEvents",
              ],
              "Effect": "Allow",
              "Resource": {
                "Fn::GetAtt": [
                  "ObservabilityAppLogGroupE3B481A7",
                  "Arn",
                ],
              },
            },
            {
              "Action": [
                "logs:CreateLogStream",
                "logs:PutLogEvents",
              ],
              "Effect": "Allow",
              "Resource": {
                "Fn::GetAtt": [
                  "ObservabilityBotLogGroup0E95D559",
                  "Arn",
                ],
              },
            },
          ],
          "Version": "2012-10-17",
        },
        "PolicyName": "ComputeInstanceRoleDefaultPolicyBD7127B5",
        "Roles": [
          {
            "Ref": "ComputeInstanceRoleC860B428",
          },
        ],
      },
      "Type": "AWS::IAM::Policy",
    },
    "CustomVpcRestrictDefaultSGCustomResourceProviderHandlerDC833E5E": {
      "DependsOn": [
        "CustomVpcRestrictDefaultSGCustomResourceProviderRole26592FE0",
      ],
      "Properties": {
        "Code": {
          "S3Bucket": "cdk-hnb659fds-assets-123456789012-us-west-2",
          "S3Key": "7fa1e366ee8a9ded01fc355f704cff92bfd179574e6f9cfee800a3541df1b200.zip",
        },
        "Description": "Lambda function for removing all inbound/outbound rules from the VPC default security group",
        "Handler": "__entrypoint__.handler",
        "MemorySize": 128,
        "Role": {
          "Fn::GetAtt": [
            "CustomVpcRestrictDefaultSGCustomResourceProviderRole26592FE0",
            "Arn",
          ],
        },
        "Runtime": "nodejs22.x",
        "Timeout": 900,
      },
      "Type": "AWS::Lambda::Function",
    },
    "CustomVpcRestrictDefaultSGCustomResourceProviderRole26592FE0": {
      "Properties": {
        "AssumeRolePolicyDocument": {
          "Statement": [
            {
              "Action": "sts:AssumeRole",
              "Effect": "Allow",
              "Principal": {
                "Service": "lambda.amazonaws.com",
              },
            },
          ],
          "Version": "2012-10-17",
        },
        "ManagedPolicyArns": [
          {
            "Fn::Sub": "arn:\${AWS::Partition}:iam::aws:policy/service-role/AWSLambdaBasicExecutionRole",
          },
        ],
        "Policies": [
          {
            "PolicyDocument": {
              "Statement": [
                {
                  "Action": [
                    "ec2:AuthorizeSecurityGroupIngress",
                    "ec2:AuthorizeSecurityGroupEgress",
                    "ec2:RevokeSecurityGroupIngress",
                    "ec2:RevokeSecurityGroupEgress",
                  ],
                  "Effect": "Allow",
                  "Resource": [
                    {
                      "Fn::Join": [
                        "",
                        [
                          "arn:",
                          {
                            "Ref": "AWS::Partition",
                          },
                          ":ec2:us-west-2:123456789012:security-group/",
                          {
                            "Fn::GetAtt": [
                              "NetworkVpc7FB7348F",
                              "DefaultSecurityGroup",
                            ],
                          },
                        ],
                      ],
                    },
                  ],
                },
              ],
              "Version": "2012-10-17",
            },
            "PolicyName": "Inline",
          },
        ],
      },
      "Type": "AWS::IAM::Role",
    },
    "NetworkElasticIp736301B4": {
      "Properties": {
        "Domain": "vpc",
        "Tags": [
          {
            "Key": "ManagedBy",
            "Value": "BrainTwinCDK",
          },
          {
            "Key": "Name",
            "Value": "BrainTwin-EIP",
          },
          {
            "Key": "Phase",
            "Value": "4.0.6",
          },
          {
            "Key": "Project",
            "Value": "BrainTwin",
          },
          {
            "Key": "PublicBrand",
            "Value": "DigitalTwin",
          },
          {
            "Key": "Region",
            "Value": "us-west-2",
          },
        ],
      },
      "Type": "AWS::EC2::EIP",
    },
    "NetworkSecurityGroup6335DB55": {
      "Properties": {
        "GroupDescription": "BrainTwin EC2 — allow :443 from Cloudflare only; no :22 (SSH disabled, SSM Session Manager only)",
        "GroupName": "BrainTwin-SG",
        "SecurityGroupEgress": [
          {
            "CidrIp": "0.0.0.0/0",
            "Description": "Allow all outbound traffic by default",
            "IpProtocol": "-1",
          },
        ],
        "SecurityGroupIngress": [
          {
            "CidrIp": "173.245.48.0/20",
            "Description": "Cloudflare 173.245.48.0/20",
            "FromPort": 443,
            "IpProtocol": "tcp",
            "ToPort": 443,
          },
          {
            "CidrIp": "103.21.244.0/22",
            "Description": "Cloudflare 103.21.244.0/22",
            "FromPort": 443,
            "IpProtocol": "tcp",
            "ToPort": 443,
          },
          {
            "CidrIp": "103.22.200.0/22",
            "Description": "Cloudflare 103.22.200.0/22",
            "FromPort": 443,
            "IpProtocol": "tcp",
            "ToPort": 443,
          },
          {
            "CidrIp": "103.31.4.0/22",
            "Description": "Cloudflare 103.31.4.0/22",
            "FromPort": 443,
            "IpProtocol": "tcp",
            "ToPort": 443,
          },
          {
            "CidrIp": "141.101.64.0/18",
            "Description": "Cloudflare 141.101.64.0/18",
            "FromPort": 443,
            "IpProtocol": "tcp",
            "ToPort": 443,
          },
          {
            "CidrIp": "108.162.192.0/18",
            "Description": "Cloudflare 108.162.192.0/18",
            "FromPort": 443,
            "IpProtocol": "tcp",
            "ToPort": 443,
          },
          {
            "CidrIp": "190.93.240.0/20",
            "Description": "Cloudflare 190.93.240.0/20",
            "FromPort": 443,
            "IpProtocol": "tcp",
            "ToPort": 443,
          },
          {
            "CidrIp": "188.114.96.0/20",
            "Description": "Cloudflare 188.114.96.0/20",
            "FromPort": 443,
            "IpProtocol": "tcp",
            "ToPort": 443,
          },
          {
            "CidrIp": "197.234.240.0/22",
            "Description": "Cloudflare 197.234.240.0/22",
            "FromPort": 443,
            "IpProtocol": "tcp",
            "ToPort": 443,
          },
          {
            "CidrIp": "198.41.128.0/17",
            "Description": "Cloudflare 198.41.128.0/17",
            "FromPort": 443,
            "IpProtocol": "tcp",
            "ToPort": 443,
          },
          {
            "CidrIp": "162.158.0.0/15",
            "Description": "Cloudflare 162.158.0.0/15",
            "FromPort": 443,
            "IpProtocol": "tcp",
            "ToPort": 443,
          },
          {
            "CidrIp": "104.16.0.0/13",
            "Description": "Cloudflare 104.16.0.0/13",
            "FromPort": 443,
            "IpProtocol": "tcp",
            "ToPort": 443,
          },
          {
            "CidrIp": "104.24.0.0/14",
            "Description": "Cloudflare 104.24.0.0/14",
            "FromPort": 443,
            "IpProtocol": "tcp",
            "ToPort": 443,
          },
          {
            "CidrIp": "172.64.0.0/13",
            "Description": "Cloudflare 172.64.0.0/13",
            "FromPort": 443,
            "IpProtocol": "tcp",
            "ToPort": 443,
          },
          {
            "CidrIp": "131.0.72.0/22",
            "Description": "Cloudflare 131.0.72.0/22",
            "FromPort": 443,
            "IpProtocol": "tcp",
            "ToPort": 443,
          },
        ],
        "Tags": [
          {
            "Key": "ManagedBy",
            "Value": "BrainTwinCDK",
          },
          {
            "Key": "Name",
            "Value": "BrainTwin-SG",
          },
          {
            "Key": "Phase",
            "Value": "4.0.6",
          },
          {
            "Key": "Project",
            "Value": "BrainTwin",
          },
          {
            "Key": "PublicBrand",
            "Value": "DigitalTwin",
          },
          {
            "Key": "Region",
            "Value": "us-west-2",
          },
        ],
        "VpcId": {
          "Ref": "NetworkVpc7FB7348F",
        },
      },
      "Type": "AWS::EC2::SecurityGroup",
    },
    "NetworkVpc7FB7348F": {
      "Properties": {
        "CidrBlock": "10.10.0.0/16",
        "EnableDnsHostnames": true,
        "EnableDnsSupport": true,
        "InstanceTenancy": "default",
        "Tags": [
          {
            "Key": "ManagedBy",
            "Value": "BrainTwinCDK",
          },
          {
            "Key": "Name",
            "Value": "BrainTwin-Vpc",
          },
          {
            "Key": "Phase",
            "Value": "4.0.6",
          },
          {
            "Key": "Project",
            "Value": "BrainTwin",
          },
          {
            "Key": "PublicBrand",
            "Value": "DigitalTwin",
          },
          {
            "Key": "Region",
            "Value": "us-west-2",
          },
        ],
      },
      "Type": "AWS::EC2::VPC",
    },
    "NetworkVpcBrainTwinPublicSubnet1DefaultRouteE11F335B": {
      "DependsOn": [
        "NetworkVpcVPCGW8F3799B5",
      ],
      "Properties": {
        "DestinationCidrBlock": "0.0.0.0/0",
        "GatewayId": {
          "Ref": "NetworkVpcIGW6BEA7B02",
        },
        "RouteTableId": {
          "Ref": "NetworkVpcBrainTwinPublicSubnet1RouteTable39F881E7",
        },
      },
      "Type": "AWS::EC2::Route",
    },
    "NetworkVpcBrainTwinPublicSubnet1RouteTable39F881E7": {
      "Properties": {
        "Tags": [
          {
            "Key": "ManagedBy",
            "Value": "BrainTwinCDK",
          },
          {
            "Key": "Name",
            "Value": "BrainTwin-PublicRouteTable",
          },
          {
            "Key": "Phase",
            "Value": "4.0.6",
          },
          {
            "Key": "Project",
            "Value": "BrainTwin",
          },
          {
            "Key": "PublicBrand",
            "Value": "DigitalTwin",
          },
          {
            "Key": "Region",
            "Value": "us-west-2",
          },
        ],
        "VpcId": {
          "Ref": "NetworkVpc7FB7348F",
        },
      },
      "Type": "AWS::EC2::RouteTable",
    },
    "NetworkVpcBrainTwinPublicSubnet1RouteTableAssociation0AF9212C": {
      "Properties": {
        "RouteTableId": {
          "Ref": "NetworkVpcBrainTwinPublicSubnet1RouteTable39F881E7",
        },
        "SubnetId": {
          "Ref": "NetworkVpcBrainTwinPublicSubnet1SubnetCBC0100A",
        },
      },
      "Type": "AWS::EC2::SubnetRouteTableAssociation",
    },
    "NetworkVpcBrainTwinPublicSubnet1SubnetCBC0100A": {
      "Properties": {
        "AvailabilityZone": "us-west-2a",
        "CidrBlock": "10.10.0.0/24",
        "MapPublicIpOnLaunch": true,
        "Tags": [
          {
            "Key": "aws-cdk:subnet-name",
            "Value": "BrainTwin-Public",
          },
          {
            "Key": "aws-cdk:subnet-type",
            "Value": "Public",
          },
          {
            "Key": "ManagedBy",
            "Value": "BrainTwinCDK",
          },
          {
            "Key": "Name",
            "Value": "TestBrainTwinStack-us-west-2/Network/Vpc/BrainTwin-PublicSubnet1",
          },
          {
            "Key": "Phase",
            "Value": "4.0.6",
          },
          {
            "Key": "Project",
            "Value": "BrainTwin",
          },
          {
            "Key": "PublicBrand",
            "Value": "DigitalTwin",
          },
          {
            "Key": "Region",
            "Value": "us-west-2",
          },
        ],
        "VpcId": {
          "Ref": "NetworkVpc7FB7348F",
        },
      },
      "Type": "AWS::EC2::Subnet",
    },
    "NetworkVpcIGW6BEA7B02": {
      "Properties": {
        "Tags": [
          {
            "Key": "ManagedBy",
            "Value": "BrainTwinCDK",
          },
          {
            "Key": "Name",
            "Value": "BrainTwin-Igw",
          },
          {
            "Key": "Phase",
            "Value": "4.0.6",
          },
          {
            "Key": "Project",
            "Value": "BrainTwin",
          },
          {
            "Key": "PublicBrand",
            "Value": "DigitalTwin",
          },
          {
            "Key": "Region",
            "Value": "us-west-2",
          },
        ],
      },
      "Type": "AWS::EC2::InternetGateway",
    },
    "NetworkVpcRestrictDefaultSecurityGroupCustomResource491E144D": {
      "DeletionPolicy": "Delete",
      "Properties": {
        "Account": "123456789012",
        "DefaultSecurityGroupId": {
          "Fn::GetAtt": [
            "NetworkVpc7FB7348F",
            "DefaultSecurityGroup",
          ],
        },
        "ServiceToken": {
          "Fn::GetAtt": [
            "CustomVpcRestrictDefaultSGCustomResourceProviderHandlerDC833E5E",
            "Arn",
          ],
        },
      },
      "Type": "Custom::VpcRestrictDefaultSG",
      "UpdateReplacePolicy": "Delete",
    },
    "NetworkVpcVPCGW8F3799B5": {
      "Properties": {
        "InternetGatewayId": {
          "Ref": "NetworkVpcIGW6BEA7B02",
        },
        "VpcId": {
          "Ref": "NetworkVpc7FB7348F",
        },
      },
      "Type": "AWS::EC2::VPCGatewayAttachment",
    },
    "ObservabilityAppLogGroupE3B481A7": {
      "DeletionPolicy": "Retain",
      "Properties": {
        "LogGroupName": "/braintwin/app",
        "RetentionInDays": 30,
        "Tags": [
          {
            "Key": "ManagedBy",
            "Value": "BrainTwinCDK",
          },
          {
            "Key": "Phase",
            "Value": "4.0.6",
          },
          {
            "Key": "Project",
            "Value": "BrainTwin",
          },
          {
            "Key": "PublicBrand",
            "Value": "DigitalTwin",
          },
          {
            "Key": "Region",
            "Value": "us-west-2",
          },
        ],
      },
      "Type": "AWS::Logs::LogGroup",
      "UpdateReplacePolicy": "Retain",
    },
    "ObservabilityBotLogGroup0E95D559": {
      "DeletionPolicy": "Retain",
      "Properties": {
        "LogGroupName": "/braintwin/bot",
        "RetentionInDays": 30,
        "Tags": [
          {
            "Key": "ManagedBy",
            "Value": "BrainTwinCDK",
          },
          {
            "Key": "Phase",
            "Value": "4.0.6",
          },
          {
            "Key": "Project",
            "Value": "BrainTwin",
          },
          {
            "Key": "PublicBrand",
            "Value": "DigitalTwin",
          },
          {
            "Key": "Region",
            "Value": "us-west-2",
          },
        ],
      },
      "Type": "AWS::Logs::LogGroup",
      "UpdateReplacePolicy": "Retain",
    },
    "ObservabilityBudget004E6D7C": {
      "Properties": {
        "Budget": {
          "BudgetLimit": {
            "Amount": 25,
            "Unit": "USD",
          },
          "BudgetName": "BrainTwin-Budget",
          "BudgetType": "COST",
          "CostFilters": {
            "TagKeyValue": [
              "user:Project$BrainTwin",
            ],
          },
          "TimeUnit": "MONTHLY",
        },
        "NotificationsWithSubscribers": [
          {
            "Notification": {
              "ComparisonOperator": "GREATER_THAN",
              "NotificationType": "FORECASTED",
              "Threshold": 40,
              "ThresholdType": "PERCENTAGE",
            },
            "Subscribers": [
              {
                "Address": "sabya.bisoyi@gmail.com",
                "SubscriptionType": "EMAIL",
              },
            ],
          },
          {
            "Notification": {
              "ComparisonOperator": "GREATER_THAN",
              "NotificationType": "ACTUAL",
              "Threshold": 40,
              "ThresholdType": "PERCENTAGE",
            },
            "Subscribers": [
              {
                "Address": "sabya.bisoyi@gmail.com",
                "SubscriptionType": "EMAIL",
              },
            ],
          },
          {
            "Notification": {
              "ComparisonOperator": "GREATER_THAN",
              "NotificationType": "FORECASTED",
              "Threshold": 60,
              "ThresholdType": "PERCENTAGE",
            },
            "Subscribers": [
              {
                "Address": "sabya.bisoyi@gmail.com",
                "SubscriptionType": "EMAIL",
              },
            ],
          },
          {
            "Notification": {
              "ComparisonOperator": "GREATER_THAN",
              "NotificationType": "ACTUAL",
              "Threshold": 60,
              "ThresholdType": "PERCENTAGE",
            },
            "Subscribers": [
              {
                "Address": "sabya.bisoyi@gmail.com",
                "SubscriptionType": "EMAIL",
              },
            ],
          },
          {
            "Notification": {
              "ComparisonOperator": "GREATER_THAN",
              "NotificationType": "FORECASTED",
              "Threshold": 80,
              "ThresholdType": "PERCENTAGE",
            },
            "Subscribers": [
              {
                "Address": "sabya.bisoyi@gmail.com",
                "SubscriptionType": "EMAIL",
              },
            ],
          },
          {
            "Notification": {
              "ComparisonOperator": "GREATER_THAN",
              "NotificationType": "ACTUAL",
              "Threshold": 80,
              "ThresholdType": "PERCENTAGE",
            },
            "Subscribers": [
              {
                "Address": "sabya.bisoyi@gmail.com",
                "SubscriptionType": "EMAIL",
              },
            ],
          },
          {
            "Notification": {
              "ComparisonOperator": "GREATER_THAN",
              "NotificationType": "FORECASTED",
              "Threshold": 100,
              "ThresholdType": "PERCENTAGE",
            },
            "Subscribers": [
              {
                "Address": "sabya.bisoyi@gmail.com",
                "SubscriptionType": "EMAIL",
              },
            ],
          },
          {
            "Notification": {
              "ComparisonOperator": "GREATER_THAN",
              "NotificationType": "ACTUAL",
              "Threshold": 100,
              "ThresholdType": "PERCENTAGE",
            },
            "Subscribers": [
              {
                "Address": "sabya.bisoyi@gmail.com",
                "SubscriptionType": "EMAIL",
              },
            ],
          },
        ],
      },
      "Type": "AWS::Budgets::Budget",
    },
    "ObservabilityDlmRoleC8FECA3D": {
      "Properties": {
        "AssumeRolePolicyDocument": {
          "Statement": [
            {
              "Action": "sts:AssumeRole",
              "Effect": "Allow",
              "Principal": {
                "Service": "dlm.amazonaws.com",
              },
            },
          ],
          "Version": "2012-10-17",
        },
        "Description": "Lets DLM call EC2 to create/delete EBS snapshots.",
        "ManagedPolicyArns": [
          {
            "Fn::Join": [
              "",
              [
                "arn:",
                {
                  "Ref": "AWS::Partition",
                },
                ":iam::aws:policy/service-role/AWSDataLifecycleManagerServiceRole",
              ],
            ],
          },
        ],
        "RoleName": "BrainTwin-DLM-Role",
        "Tags": [
          {
            "Key": "ManagedBy",
            "Value": "BrainTwinCDK",
          },
          {
            "Key": "Phase",
            "Value": "4.0.6",
          },
          {
            "Key": "Project",
            "Value": "BrainTwin",
          },
          {
            "Key": "PublicBrand",
            "Value": "DigitalTwin",
          },
          {
            "Key": "Region",
            "Value": "us-west-2",
          },
        ],
      },
      "Type": "AWS::IAM::Role",
    },
    "ObservabilityEbsSnapshotPolicyC49EC1D0": {
      "Properties": {
        "Description": "BrainTwin-EBS Daily Snapshots",
        "ExecutionRoleArn": {
          "Fn::GetAtt": [
            "ObservabilityDlmRoleC8FECA3D",
            "Arn",
          ],
        },
        "PolicyDetails": {
          "PolicyType": "EBS_SNAPSHOT_MANAGEMENT",
          "ResourceTypes": [
            "VOLUME",
          ],
          "Schedules": [
            {
              "CopyTags": true,
              "CreateRule": {
                "Interval": 24,
                "IntervalUnit": "HOURS",
                "Times": [
                  "03:00",
                ],
              },
              "Name": "Daily",
              "RetainRule": {
                "Count": 7,
              },
              "TagsToAdd": [
                {
                  "Key": "Name",
                  "Value": "BrainTwin-EBS-Snapshot",
                },
                {
                  "Key": "Source",
                  "Value": "DLM",
                },
              ],
            },
          ],
          "TargetTags": [
            {
              "Key": "Project",
              "Value": "BrainTwin",
            },
          ],
        },
        "State": "ENABLED",
        "Tags": [
          {
            "Key": "ManagedBy",
            "Value": "BrainTwinCDK",
          },
          {
            "Key": "Phase",
            "Value": "4.0.6",
          },
          {
            "Key": "Project",
            "Value": "BrainTwin",
          },
          {
            "Key": "PublicBrand",
            "Value": "DigitalTwin",
          },
          {
            "Key": "Region",
            "Value": "us-west-2",
          },
        ],
      },
      "Type": "AWS::DLM::LifecyclePolicy",
    },
    "StorageAppRepo7969A3A5": {
      "DeletionPolicy": "Delete",
      "Properties": {
        "EmptyOnDelete": true,
        "ImageScanningConfiguration": {
          "ScanOnPush": true,
        },
        "ImageTagMutability": "IMMUTABLE",
        "LifecyclePolicy": {
          "LifecyclePolicyText": "{"rules":[{"rulePriority":1,"description":"Keep last 5 untagged images (orphan manifests)","selection":{"tagStatus":"untagged","countType":"imageCountMoreThan","countNumber":5},"action":{"type":"expire"}},{"rulePriority":2,"description":"Keep last 30 tagged images (~3 months at weekly cadence)","selection":{"tagStatus":"any","countType":"imageCountMoreThan","countNumber":30},"action":{"type":"expire"}}]}",
        },
        "RepositoryName": "braintwin/app",
        "Tags": [
          {
            "Key": "ManagedBy",
            "Value": "BrainTwinCDK",
          },
          {
            "Key": "Phase",
            "Value": "4.0.6",
          },
          {
            "Key": "Project",
            "Value": "BrainTwin",
          },
          {
            "Key": "PublicBrand",
            "Value": "DigitalTwin",
          },
          {
            "Key": "Region",
            "Value": "us-west-2",
          },
        ],
      },
      "Type": "AWS::ECR::Repository",
      "UpdateReplacePolicy": "Delete",
    },
    "StorageStateBucket934B7EF1": {
      "DeletionPolicy": "Retain",
      "Properties": {
        "BucketEncryption": {
          "ServerSideEncryptionConfiguration": [
            {
              "ServerSideEncryptionByDefault": {
                "SSEAlgorithm": "AES256",
              },
            },
          ],
        },
        "BucketName": "braintwin-state-123456789012-us-west-2",
        "LifecycleConfiguration": {
          "Rules": [
            {
              "AbortIncompleteMultipartUpload": {
                "DaysAfterInitiation": 1,
              },
              "ExpirationInDays": 7,
              "Id": "litestream-wal-expire-7d",
              "NoncurrentVersionExpiration": {
                "NoncurrentDays": 7,
              },
              "Prefix": "litestream/",
              "Status": "Enabled",
            },
            {
              "AbortIncompleteMultipartUpload": {
                "DaysAfterInitiation": 1,
              },
              "ExpirationInDays": 30,
              "Id": "chroma-nightly-expire-30d",
              "NoncurrentVersionExpiration": {
                "NoncurrentDays": 7,
              },
              "Prefix": "chroma-nightly/",
              "Status": "Enabled",
            },
            {
              "AbortIncompleteMultipartUpload": {
                "DaysAfterInitiation": 1,
              },
              "Id": "images-transition-ia-30d",
              "NoncurrentVersionExpiration": {
                "NoncurrentDays": 30,
              },
              "Prefix": "images/",
              "Status": "Enabled",
              "Transitions": [
                {
                  "StorageClass": "STANDARD_IA",
                  "TransitionInDays": 30,
                },
              ],
            },
          ],
        },
        "PublicAccessBlockConfiguration": {
          "BlockPublicAcls": true,
          "BlockPublicPolicy": true,
          "IgnorePublicAcls": true,
          "RestrictPublicBuckets": true,
        },
        "Tags": [
          {
            "Key": "ManagedBy",
            "Value": "BrainTwinCDK",
          },
          {
            "Key": "Phase",
            "Value": "4.0.6",
          },
          {
            "Key": "Project",
            "Value": "BrainTwin",
          },
          {
            "Key": "PublicBrand",
            "Value": "DigitalTwin",
          },
          {
            "Key": "Region",
            "Value": "us-west-2",
          },
        ],
        "VersioningConfiguration": {
          "Status": "Enabled",
        },
      },
      "Type": "AWS::S3::Bucket",
      "UpdateReplacePolicy": "Retain",
    },
    "StorageStateBucketPolicy27964DEE": {
      "Properties": {
        "Bucket": {
          "Ref": "StorageStateBucket934B7EF1",
        },
        "PolicyDocument": {
          "Statement": [
            {
              "Action": "s3:*",
              "Condition": {
                "Bool": {
                  "aws:SecureTransport": "false",
                },
              },
              "Effect": "Deny",
              "Principal": {
                "AWS": "*",
              },
              "Resource": [
                {
                  "Fn::GetAtt": [
                    "StorageStateBucket934B7EF1",
                    "Arn",
                  ],
                },
                {
                  "Fn::Join": [
                    "",
                    [
                      {
                        "Fn::GetAtt": [
                          "StorageStateBucket934B7EF1",
                          "Arn",
                        ],
                      },
                      "/*",
                    ],
                  ],
                },
              ],
            },
          ],
          "Version": "2012-10-17",
        },
      },
      "Type": "AWS::S3::BucketPolicy",
    },
  },
  "Rules": {
    "CheckBootstrapVersion": {
      "Assertions": [
        {
          "Assert": {
            "Fn::Not": [
              {
                "Fn::Contains": [
                  [
                    "1",
                    "2",
                    "3",
                    "4",
                    "5",
                  ],
                  {
                    "Ref": "BootstrapVersion",
                  },
                ],
              },
            ],
          },
          "AssertDescription": "CDK bootstrap stack version 6 required. Please run 'cdk bootstrap' with a recent version of the CDK CLI.",
        },
      ],
    },
  },
}
`;
